Archive member included to satisfy reference by file (symbol)

c:/st/stm32cubeide_1.9.0/stm32cubeide/plugins/com.st.stm32cube.ide.mcu.externaltools.gnu-tools-for-stm32.10.3-2021.10.win32_1.0.0.202111181127/tools/bin/../lib/gcc/arm-none-eabi/10.3.1/../../../../arm-none-eabi/lib/thumb/v7-m/nofp\libc_nano.a(lib_a-errno.o)
                              ./Core/Src/syscalls.o (__errno)
c:/st/stm32cubeide_1.9.0/stm32cubeide/plugins/com.st.stm32cube.ide.mcu.externaltools.gnu-tools-for-stm32.10.3-2021.10.win32_1.0.0.202111181127/tools/bin/../lib/gcc/arm-none-eabi/10.3.1/../../../../arm-none-eabi/lib/thumb/v7-m/nofp\libc_nano.a(lib_a-exit.o)
                              c:/st/stm32cubeide_1.9.0/stm32cubeide/plugins/com.st.stm32cube.ide.mcu.externaltools.gnu-tools-for-stm32.10.3-2021.10.win32_1.0.0.202111181127/tools/bin/../lib/gcc/arm-none-eabi/10.3.1/../../../../arm-none-eabi/lib/thumb/v7-m/nofp/crt0.o (exit)
c:/st/stm32cubeide_1.9.0/stm32cubeide/plugins/com.st.stm32cube.ide.mcu.externaltools.gnu-tools-for-stm32.10.3-2021.10.win32_1.0.0.202111181127/tools/bin/../lib/gcc/arm-none-eabi/10.3.1/../../../../arm-none-eabi/lib/thumb/v7-m/nofp\libc_nano.a(lib_a-impure.o)
                              c:/st/stm32cubeide_1.9.0/stm32cubeide/plugins/com.st.stm32cube.ide.mcu.externaltools.gnu-tools-for-stm32.10.3-2021.10.win32_1.0.0.202111181127/tools/bin/../lib/gcc/arm-none-eabi/10.3.1/../../../../arm-none-eabi/lib/thumb/v7-m/nofp\libc_nano.a(lib_a-exit.o) (_global_impure_ptr)
c:/st/stm32cubeide_1.9.0/stm32cubeide/plugins/com.st.stm32cube.ide.mcu.externaltools.gnu-tools-for-stm32.10.3-2021.10.win32_1.0.0.202111181127/tools/bin/../lib/gcc/arm-none-eabi/10.3.1/../../../../arm-none-eabi/lib/thumb/v7-m/nofp\libc_nano.a(lib_a-init.o)
                              c:/st/stm32cubeide_1.9.0/stm32cubeide/plugins/com.st.stm32cube.ide.mcu.externaltools.gnu-tools-for-stm32.10.3-2021.10.win32_1.0.0.202111181127/tools/bin/../lib/gcc/arm-none-eabi/10.3.1/../../../../arm-none-eabi/lib/thumb/v7-m/nofp/crt0.o (__libc_init_array)
c:/st/stm32cubeide_1.9.0/stm32cubeide/plugins/com.st.stm32cube.ide.mcu.externaltools.gnu-tools-for-stm32.10.3-2021.10.win32_1.0.0.202111181127/tools/bin/../lib/gcc/arm-none-eabi/10.3.1/../../../../arm-none-eabi/lib/thumb/v7-m/nofp\libc_nano.a(lib_a-memset.o)
                              c:/st/stm32cubeide_1.9.0/stm32cubeide/plugins/com.st.stm32cube.ide.mcu.externaltools.gnu-tools-for-stm32.10.3-2021.10.win32_1.0.0.202111181127/tools/bin/../lib/gcc/arm-none-eabi/10.3.1/../../../../arm-none-eabi/lib/thumb/v7-m/nofp/crt0.o (memset)
c:/st/stm32cubeide_1.9.0/stm32cubeide/plugins/com.st.stm32cube.ide.mcu.externaltools.gnu-tools-for-stm32.10.3-2021.10.win32_1.0.0.202111181127/tools/bin/../lib/gcc/arm-none-eabi/10.3.1/../../../../arm-none-eabi/lib/thumb/v7-m/nofp\libc_nano.a(lib_a-sprintf.o)
                              ./Core/Src/bsp_ov7725.o (sprintf)
c:/st/stm32cubeide_1.9.0/stm32cubeide/plugins/com.st.stm32cube.ide.mcu.externaltools.gnu-tools-for-stm32.10.3-2021.10.win32_1.0.0.202111181127/tools/bin/../lib/gcc/arm-none-eabi/10.3.1/../../../../arm-none-eabi/lib/thumb/v7-m/nofp\libc_nano.a(lib_a-nano-svfprintf.o)
                              c:/st/stm32cubeide_1.9.0/stm32cubeide/plugins/com.st.stm32cube.ide.mcu.externaltools.gnu-tools-for-stm32.10.3-2021.10.win32_1.0.0.202111181127/tools/bin/../lib/gcc/arm-none-eabi/10.3.1/../../../../arm-none-eabi/lib/thumb/v7-m/nofp\libc_nano.a(lib_a-sprintf.o) (_svfprintf_r)
c:/st/stm32cubeide_1.9.0/stm32cubeide/plugins/com.st.stm32cube.ide.mcu.externaltools.gnu-tools-for-stm32.10.3-2021.10.win32_1.0.0.202111181127/tools/bin/../lib/gcc/arm-none-eabi/10.3.1/../../../../arm-none-eabi/lib/thumb/v7-m/nofp\libc_nano.a(lib_a-nano-vfprintf_i.o)
                              c:/st/stm32cubeide_1.9.0/stm32cubeide/plugins/com.st.stm32cube.ide.mcu.externaltools.gnu-tools-for-stm32.10.3-2021.10.win32_1.0.0.202111181127/tools/bin/../lib/gcc/arm-none-eabi/10.3.1/../../../../arm-none-eabi/lib/thumb/v7-m/nofp\libc_nano.a(lib_a-nano-svfprintf.o) (_printf_i)
c:/st/stm32cubeide_1.9.0/stm32cubeide/plugins/com.st.stm32cube.ide.mcu.externaltools.gnu-tools-for-stm32.10.3-2021.10.win32_1.0.0.202111181127/tools/bin/../lib/gcc/arm-none-eabi/10.3.1/../../../../arm-none-eabi/lib/thumb/v7-m/nofp\libc_nano.a(lib_a-memchr-stub.o)
                              c:/st/stm32cubeide_1.9.0/stm32cubeide/plugins/com.st.stm32cube.ide.mcu.externaltools.gnu-tools-for-stm32.10.3-2021.10.win32_1.0.0.202111181127/tools/bin/../lib/gcc/arm-none-eabi/10.3.1/../../../../arm-none-eabi/lib/thumb/v7-m/nofp\libc_nano.a(lib_a-nano-svfprintf.o) (memchr)
c:/st/stm32cubeide_1.9.0/stm32cubeide/plugins/com.st.stm32cube.ide.mcu.externaltools.gnu-tools-for-stm32.10.3-2021.10.win32_1.0.0.202111181127/tools/bin/../lib/gcc/arm-none-eabi/10.3.1/../../../../arm-none-eabi/lib/thumb/v7-m/nofp\libc_nano.a(lib_a-memcpy-stub.o)
[...]
Memory Configuration

Name             Origin             Length             Attributes
RAM              0x0000000020000000 0x0000000000010000 xrw
FLASH            0x0000000008000000 0x0000000000080000 xr
*default*        0x0000000000000000 0xffffffffffffffff

Linker script and memory map

LOAD c:/st/stm32cubeide_1.9.0/stm32cubeide/plugins/com.st.stm32cube.ide.mcu.externaltools.gnu-tools-for-stm32.10.3-2021.10.win32_1.0.0.202111181127/tools/bin/../lib/gcc/arm-none-eabi/10.3.1/thumb/v7-m/nofp/crti.o
LOAD c:/st/stm32cubeide_1.9.0/stm32cubeide/plugins/com.st.stm32cube.ide.mcu.externaltools.gnu-tools-for-stm32.10.3-2021.10.win32_1.0.0.202111181127/tools/bin/../lib/gcc/arm-none-eabi/10.3.1/thumb/v7-m/nofp/crtbegin.o
LOAD c:/st/stm32cubeide_1.9.0/stm32cubeide/plugins/com.st.stm32cube.ide.mcu.externaltools.gnu-tools-for-stm32.10.3-2021.10.win32_1.0.0.202111181127/tools/bin/../lib/gcc/arm-none-eabi/10.3.1/../../../../arm-none-eabi/lib/thumb/v7-m/nofp/crt0.o
LOAD ./Core/Src/bsp_ov7725.o
LOAD ./Core/Src/bsp_sccb.o
LOAD ./Core/Src/lcd.o
LOAD ./Core/Src/main.o
LOAD ./Core/Src/pid.o
LOAD ./Core/Src/robot_controller.o
LOAD ./Core/Src/stm32f1xx_hal_msp.o
LOAD ./Core/Src/stm32f1xx_it.o
LOAD ./Core/Src/syscalls.o
LOAD ./Core/Src/sysmem.o
LOAD ./Core/Src/system_stm32f1xx.o
LOAD ./Core/Startup/startup_stm32f103vetx.o
LOAD ./Drivers/STM32F1xx_HAL_Driver/Src/stm32f1xx_hal.o
LOAD ./Drivers/STM32F1xx_HAL_Driver/Src/stm32f1xx_hal_cortex.o
LOAD ./Drivers/STM32F1xx_HAL_Driver/Src/stm32f1xx_hal_dma.o
LOAD ./Drivers/STM32F1xx_HAL_Driver/Src/stm32f1xx_hal_exti.o
LOAD ./Drivers/STM32F1xx_HAL_Driver/Src/stm32f1xx_hal_flash.o
LOAD ./Drivers/STM32F1xx_HAL_Driver/Src/stm32f1xx_hal_flash_ex.o
LOAD ./Drivers/STM32F1xx_HAL_Driver/Src/stm32f1xx_hal_gpio.o
LOAD ./Drivers/STM32F1xx_HAL_Driver/Src/stm32f1xx_hal_gpio_ex.o
LOAD ./Drivers/STM32F1xx_HAL_Driver/Src/stm32f1xx_hal_pwr.o
LOAD ./Drivers/STM32F1xx_HAL_Driver/Src/stm32f1xx_hal_rcc.o
LOAD ./Drivers/STM32F1xx_HAL_Driver/Src/stm32f1xx_hal_rcc_ex.o
LOAD ./Drivers/STM32F1xx_HAL_Driver/Src/stm32f1xx_hal_sram.o
LOAD ./Drivers/STM32F1xx_HAL_Driver/Src/stm32f1xx_hal_tim.o
LOAD ./Drivers/STM32F1xx_HAL_Driver/Src/stm32f1xx_hal_tim_ex.o
LOAD ./Drivers/STM32F1xx_HAL_Driver/Src/stm32f1xx_ll_fsmc.o
START GROUP
LOAD c:/st/stm32cubeide_1.9.0/stm32cubeide/plugins/com.st.stm32cube.ide.mcu.externaltools.gnu-tools-for-stm32.10.3-2021.10.win32_1.0.0.202111181127/tools/bin/../lib/gcc/arm-none-eabi/10.3.1/../../../../arm-none-eabi/lib/thumb/v7-m/nofp\libc_nano.a
LOAD c:/st/stm32cubeide_1.9.0/stm32cubeide/plugins/com.st.stm32cube.ide.mcu.externaltools.gnu-tools-for-stm32.10.3-2021.10.win32_1.0.0.202111181127/tools/bin/../lib/gcc/arm-none-eabi/10.3.1/../../../../arm-none-eabi/lib/thumb/v7-m/nofp\libm.a
END GROUP
START GROUP
LOAD c:/st/stm32cubeide_1.9.0/stm32cubeide/plugins/com.st.stm32cube.ide.mcu.externaltools.gnu-tools-for-stm32.10.3-2021.10.win32_1.0.0.202111181127/tools/bin/../lib/gcc/arm-none-eabi/10.3.1/thumb/v7-m/nofp\libgcc.a
LOAD c:/st/stm32cubeide_1.9.0/stm32cubeide/plugins/com.st.stm32cube.ide.mcu.externaltools.gnu-tools-for-stm32.10.3-2021.10.win32_1.0.0.202111181127/tools/bin/../lib/gcc/arm-none-eabi/10.3.1/../../../../arm-none-eabi/lib/thumb/v7-m/nofp\libc_nano.a
END GROUP
START GROUP
LOAD c:/st/stm32cubeide_1.9.0/stm32cubeide/plugins/com.st.stm32cube.ide.mcu.externaltools.gnu-tools-for-stm32.10.3-2021.10.win32_1.0.0.202111181127/tools/bin/../lib/gcc/arm-none-eabi/10.3.1/thumb/v7-m/nofp\libgcc.a
LOAD c:/st/stm32cubeide_1.9.0/stm32cubeide/plugins/com.st.stm32cube.ide.mcu.externaltools.gnu-tools-for-stm32.10.3-2021.10.win32_1.0.0.202111181127/tools/bin/../lib/gcc/arm-none-eabi/10.3.1/../../../../arm-none-eabi/lib/thumb/v7-m/nofp\libc_nano.a
LOAD c:/st/stm32cubeide_1.9.0/stm32cubeide/plugins/com.st.stm32cube.ide.mcu.externaltools.gnu-tools-for-stm32.10.3-2021.10.win32_1.0.0.202111181127/tools/bin/../lib/gcc/arm-none-eabi/10.3.1/../../../../arm-none-eabi/lib/thumb/v7-m/nofp\libnosys.a
END GROUP
START GROUP
LOAD c:/st/stm32cubeide_1.9.0/stm32cubeide/plugins/com.st.stm32cube.ide.mcu.externaltools.gnu-tools-for-stm32.10.3-2021.10.win32_1.0.0.202111181127/tools/bin/../lib/gcc/arm-none-eabi/10.3.1/thumb/v7-m/nofp\libgcc.a
LOAD c:/st/stm32cubeide_1.9.0/stm32cubeide/plugins/com.st.stm32cube.ide.mcu.externaltools.gnu-tools-for-stm32.10.3-2021.10.win32_1.0.0.202111181127/tools/bin/../lib/gcc/arm-none-eabi/10.3.1/../../../../arm-none-eabi/lib/thumb/v7-m/nofp\libc_nano.a
LOAD c:/st/stm32cubeide_1.9.0/stm32cubeide/plugins/com.st.stm32cube.ide.mcu.externaltools.gnu-tools-for-stm32.10.3-2021.10.win32_1.0.0.202111181127/tools/bin/../lib/gcc/arm-none-eabi/10.3.1/../../../../arm-none-eabi/lib/thumb/v7-m/nofp\libnosys.a
END GROUP
LOAD c:/st/stm32cubeide_1.9.0/stm32cubeide/plugins/com.st.stm32cube.ide.mcu.externaltools.gnu-tools-for-stm32.10.3-2021.10.win32_1.0.0.202111181127/tools/bin/../lib/gcc/arm-none-eabi/10.3.1/thumb/v7-m/nofp/crtend.o
LOAD c:/st/stm32cubeide_1.9.0/stm32cubeide/plugins/com.st.stm32cube.ide.mcu.externaltools.gnu-tools-for-stm32.10.3-2021.10.win32_1.0.0.202111181127/tools/bin/../lib/gcc/arm-none-eabi/10.3.1/thumb/v7-m/nofp/crtn.o
                0x0000000020010000                _estack = (ORIGIN (RAM) + LENGTH (RAM))
                0x0000000000000200                _Min_Heap_Size = 0x200
                0x0000000000000400                _Min_Stack_Size = 0x400

.isr_vector     0x0000000008000000      0x1e4
                0x0000000008000000                . = ALIGN (0x4)
 *(.isr_vector)
 .isr_vector    0x0000000008000000      0x1e4 ./Core/Startup/startup_stm32f103vetx.o
                0x0000000008000000                g_pfnVectors
                0x00000000080001e4                . = ALIGN (0x4)

.text           0x00000000080001e8     0x7594
                0x00000000080001e8                . = ALIGN (0x4)
 *(.text)
 .text          0x00000000080001e8       0x40 c:/st/stm32cubeide_1.9.0/stm32cubeide/plugins/com.st.stm32cube.ide.mcu.externaltools.gnu-tools-for-stm32.10.3-2021.10.win32_1.0.0.202111181127/tools/bin/../lib/gcc/arm-none-eabi/10.3.1/thumb/v7-m/nofp/crtbegin.o
 .text          0x0000000008000228      0x378 c:/st/stm32cubeide_1.9.0/stm32cubeide/plugins/com.st.stm32cube.ide.mcu.externaltools.gnu-tools-for-stm32.10.3-2021.10.win32_1.0.0.202111181127/tools/bin/../lib/gcc/arm-none-eabi/10.3.1/thumb/v7-m/nofp\libgcc.a(_arm_addsubdf3.o)
                0x0000000008000228                __aeabi_drsub
                0x0000000008000230                __aeabi_dsub
                0x0000000008000230                __subdf3
                0x0000000008000234                __aeabi_dadd
                0x0000000008000234                __adddf3
                0x00000000080004ac                __floatunsidf
                0x00000000080004ac                __aeabi_ui2d
                0x00000000080004cc                __floatsidf
                0x00000000080004cc                __aeabi_i2d
                0x00000000080004f0                __aeabi_f2d
                0x00000000080004f0                __extendsfdf2
                0x0000000008000534                __floatundidf
                0x0000000008000534                __aeabi_ul2d
                0x0000000008000544                __floatdidf
                0x0000000008000544                __aeabi_l2d
 .text          0x00000000080005a0      0x424 c:/st/stm32cubeide_1.9.0/stm32cubeide/plugins/com.st.stm32cube.ide.mcu.externaltools.gnu-tools-for-stm32.10.3-2021.10.win32_1.0.0.202111181127/tools/bin/../lib/gcc/arm-none-eabi/10.3.1/thumb/v7-m/nofp\libgcc.a(_arm_muldivdf3.o)
                0x00000000080005a0                __aeabi_dmul
                0x00000000080005a0                __muldf3
                0x00000000080007f4                __divdf3
                0x00000000080007f4                __aeabi_ddiv
 .text          0x00000000080009c4       0xa0 c:/st/stm32cubeide_1.9.0/stm32cubeide/plugins/com.st.stm32cube.ide.mcu.externaltools.gnu-tools-for-stm32.10.3-2021.10.win32_1.0.0.202111181127/tools/bin/../lib/gcc/arm-none-eabi/10.3.1/thumb/v7-m/nofp\libgcc.a(_arm_truncdfsf2.o)
                0x00000000080009c4                __truncdfsf2
                0x00000000080009c4                __aeabi_d2f
 .text          0x0000000008000a64      0x21c c:/st/stm32cubeide_1.9.0/stm32cubeide/plugins/com.st.stm32cube.ide.mcu.externaltools.gnu-tools-for-stm32.10.3-2021.10.win32_1.0.0.202111181127/tools/bin/../lib/gcc/arm-none-eabi/10.3.1/thumb/v7-m/nofp\libgcc.a(_arm_addsubsf3.o)
                0x0000000008000a64                __aeabi_frsub
                0x0000000008000a6c                __subsf3
                0x0000000008000a6c                __aeabi_fsub
                0x0000000008000a70                __aeabi_fadd
                0x0000000008000a70                __addsf3
                0x0000000008000bd0                __aeabi_ui2f
                0x0000000008000bd0                __floatunsisf
                0x0000000008000bd8                __aeabi_i2f
                0x0000000008000bd8                __floatsisf
                0x0000000008000bf4                __aeabi_ul2f
                0x0000000008000bf4                __floatundisf
                0x0000000008000c04                __aeabi_l2f
                0x0000000008000c04                __floatdisf
 .text          0x0000000008000c80      0x2a0 c:/st/stm32cubeide_1.9.0/stm32cubeide/plugins/com.st.stm32cube.ide.mcu.externaltools.gnu-tools-for-stm32.10.3-2021.10.win32_1.0.0.202111181127/tools/bin/../lib/gcc/arm-none-eabi/10.3.1/thumb/v7-m/nofp\libgcc.a(_arm_muldivsf3.o)
                0x0000000008000c80                __mulsf3
                0x0000000008000c80                __aeabi_fmul
                0x0000000008000de8                __aeabi_fdiv
                0x0000000008000de8                __divsf3
 .text          0x0000000008000f20       0xec c:/st/stm32cubeide_1.9.0/stm32cubeide/plugins/com.st.stm32cube.ide.mcu.externaltools.gnu-tools-for-stm32.10.3-2021.10.win32_1.0.0.202111181127/tools/bin/../lib/gcc/arm-none-eabi/10.3.1/thumb/v7-m/nofp\libgcc.a(_arm_cmpsf2.o)
                0x0000000008000f20                __gesf2
                0x0000000008000f20                __gtsf2
                0x0000000008000f28                __lesf2
                0x0000000008000f28                __ltsf2
                0x0000000008000f30                __nesf2
                0x0000000008000f30                __eqsf2
                0x0000000008000f30                __cmpsf2
                0x0000000008000f90                __aeabi_cfrcmple
                0x0000000008000f98                __aeabi_cfcmpeq
                0x0000000008000f98                __aeabi_cfcmple
                0x0000000008000fa8                __aeabi_fcmpeq
                0x0000000008000fbc                __aeabi_fcmplt
                0x0000000008000fd0                __aeabi_fcmple
                0x0000000008000fe4                __aeabi_fcmpge
                0x0000000008000ff8                __aeabi_fcmpgt
 .text          0x000000000800100c       0x2c c:/st/stm32cubeide_1.9.0/stm32cubeide/plugins/com.st.stm32cube.ide.mcu.externaltools.gnu-tools-for-stm32.10.3-2021.10.win32_1.0.0.202111181127/tools/bin/../lib/gcc/arm-none-eabi/10.3.1/thumb/v7-m/nofp\libgcc.a(_arm_unordsf2.o)
                0x000000000800100c                __unordsf2
                0x000000000800100c                __aeabi_fcmpun
 .text          0x0000000008001038       0x4c c:/st/stm32cubeide_1.9.0/stm32cubeide/plugins/com.st.stm32cube.ide.mcu.externaltools.gnu-tools-for-stm32.10.3-2021.10.win32_1.0.0.202111181127/tools/bin/../lib/gcc/arm-none-eabi/10.3.1/thumb/v7-m/nofp\libgcc.a(_arm_fixsfsi.o)
                0x0000000008001038                __aeabi_f2iz
                0x0000000008001038                __fixsfsi
 .text          0x0000000008001084       0x40 c:/st/stm32cubeide_1.9.0/stm32cubeide/plugins/com.st.stm32cube.ide.mcu.externaltools.gnu-tools-for-stm32.10.3-2021.10.win32_1.0.0.202111181127/tools/bin/../lib/gcc/arm-none-eabi/10.3.1/thumb/v7-m/nofp\libgcc.a(_arm_fixunssfsi.o)
                0x0000000008001084                __fixunssfsi
                0x0000000008001084                __aeabi_f2uiz
 *(.text*)
 .text.Ov7725_Init
                0x00000000080010c4       0x94 ./Core/Src/bsp_ov7725.o
                0x00000000080010c4                Ov7725_Init
 .text.is_orange
                0x0000000008001158       0xd0 ./Core/Src/bsp_ov7725.o
 .text.ImagDisp
                0x0000000008001228      0x154 ./Core/Src/bsp_ov7725.o
                0x0000000008001228                ImagDisp
 .text.SCCB_delay
                0x000000000800137c       0x26 ./Core/Src/bsp_sccb.o
 *fill*         0x00000000080013a2        0x2 
 .text.SCCB_Start
                0x00000000080013a4       0x58 ./Core/Src/bsp_sccb.o
 .text.SCCB_Stop
                0x00000000080013fc       0x34 ./Core/Src/bsp_sccb.o
 .text.SCCB_Ack
                0x0000000008001430       0x34 ./Core/Src/bsp_sccb.o
 .text.SCCB_NoAck
                0x0000000008001464       0x34 ./Core/Src/bsp_sccb.o
 .text.SCCB_WaitAck
                0x0000000008001498       0x4c ./Core/Src/bsp_sccb.o
 .text.SCCB_SendByte
                0x00000000080014e4       0x60 ./Core/Src/bsp_sccb.o
 .text.SCCB_ReceiveByte
                0x0000000008001544       0x64 ./Core/Src/bsp_sccb.o
 .text.SCCB_WriteByte
                0x00000000080015a8       0x5e ./Core/Src/bsp_sccb.o
                0x00000000080015a8                SCCB_WriteByte
 .text.SCCB_ReadByte
                0x0000000008001606       0xa8 ./Core/Src/bsp_sccb.o
                0x0000000008001606                SCCB_ReadByte
 .text.Delay    0x00000000080016ae       0x22 ./Core/Src/lcd.o
                0x00000000080016ae                Delay
 .text.LCD_INIT
                0x00000000080016d0       0x2e ./Core/Src/lcd.o
                0x00000000080016d0                LCD_INIT
 *fill*         0x00000000080016fe        0x2 
 .text.LCD_Rst  0x0000000008001700       0x30 ./Core/Src/lcd.o
                0x0000000008001700                LCD_Rst
 .text.LCD_BackLed_Control
                0x0000000008001730       0x38 ./Core/Src/lcd.o
                0x0000000008001730                LCD_BackLed_Control
 .text.LCD_Write_Cmd
                0x0000000008001768       0x1c ./Core/Src/lcd.o
                0x0000000008001768                LCD_Write_Cmd
 .text.LCD_Write_Data
                0x0000000008001784       0x20 ./Core/Src/lcd.o
                0x0000000008001784                LCD_Write_Data
 .text.LCD_REG_Config
                0x00000000080017a4      0x234 ./Core/Src/lcd.o
                0x00000000080017a4                LCD_REG_Config
 .text.LCD_OpenWindow
                0x00000000080019d8       0xb2 ./Core/Src/lcd.o
                0x00000000080019d8                LCD_OpenWindow
 .text.LCD_FillColor
                0x0000000008001a8a       0x3c ./Core/Src/lcd.o
                0x0000000008001a8a                LCD_FillColor
 .text.LCD_Clear
                0x0000000008001ac6       0x46 ./Core/Src/lcd.o
                0x0000000008001ac6                LCD_Clear
 .text.LCD_DrawLine
                0x0000000008001b0c      0x10a ./Core/Src/lcd.o
                0x0000000008001b0c                LCD_DrawLine
 *fill*         0x0000000008001c16        0x2 
 .text.LCD_DrawChar
                0x0000000008001c18       0x8c ./Core/Src/lcd.o
                0x0000000008001c18                LCD_DrawChar
 .text.LCD_DrawString
                0x0000000008001ca4       0x5e ./Core/Src/lcd.o
                0x0000000008001ca4                LCD_DrawString
 .text.LCD_DrawDot
                0x0000000008001d02       0x34 ./Core/Src/lcd.o
                0x0000000008001d02                LCD_DrawDot
 .text.LCD_Cam_Gram
                0x0000000008001d36       0x56 ./Core/Src/lcd.o
                0x0000000008001d36                LCD_Cam_Gram
 *fill*         0x0000000008001d8c        0x4 
 .text.main     0x0000000008001d90     0x1128 ./Core/Src/main.o
                0x0000000008001d90                main
 .text.SystemClock_Config
                0x0000000008002eb8       0x8a ./Core/Src/main.o
                0x0000000008002eb8                SystemClock_Config
 *fill*         0x0000000008002f42        0x2 
 .text.MX_TIM3_Init
                0x0000000008002f44       0xcc ./Core/Src/main.o
 .text.MX_TIM4_Init
                0x0000000008003010       0xb4 ./Core/Src/main.o
 .text.MX_GPIO_Init
                0x00000000080030c4      0x290 ./Core/Src/main.o
 .text.MX_FSMC_Init
                0x0000000008003354       0xc8 ./Core/Src/main.o
 .text.Error_Handler
                0x000000000800341c        0xa ./Core/Src/main.o
                0x000000000800341c                Error_Handler
 .text.PID_Init
                0x0000000008003426       0x7c ./Core/Src/pid.o
                0x0000000008003426                PID_Init
 *fill*         0x00000000080034a2        0x6 
 .text.PID_Compute
                0x00000000080034a8      0x358 ./Core/Src/pid.o
                0x00000000080034a8                PID_Compute
 .text.Robot_Goto_Spherical
                0x0000000008003800      0x348 ./Core/Src/robot_controller.o
                0x0000000008003800                Robot_Goto_Spherical
 .text.HAL_MspInit
                0x0000000008003b48       0x64 ./Core/Src/stm32f1xx_hal_msp.o
                0x0000000008003b48                HAL_MspInit
 .text.HAL_TIM_PWM_MspInit
                0x0000000008003bac       0x64 ./Core/Src/stm32f1xx_hal_msp.o
                0x0000000008003bac                HAL_TIM_PWM_MspInit
 .text.HAL_TIM_MspPostInit
                0x0000000008003c10       0xd4 ./Core/Src/stm32f1xx_hal_msp.o
                0x0000000008003c10                HAL_TIM_MspPostInit
 .text.HAL_FSMC_MspInit
                0x0000000008003ce4       0x88 ./Core/Src/stm32f1xx_hal_msp.o
 .text.HAL_SRAM_MspInit
                0x0000000008003d6c       0x14 ./Core/Src/stm32f1xx_hal_msp.o
                0x0000000008003d6c                HAL_SRAM_MspInit
 .text.NMI_Handler
                0x0000000008003d80        0xc ./Core/Src/stm32f1xx_it.o
                0x0000000008003d80                NMI_Handler
 .text.HardFault_Handler
                0x0000000008003d8c        0x6 ./Core/Src/stm32f1xx_it.o
                0x0000000008003d8c                HardFault_Handler
 .text.MemManage_Handler
                0x0000000008003d92        0x6 ./Core/Src/stm32f1xx_it.o
                0x0000000008003d92                MemManage_Handler
 .text.BusFault_Handler
                0x0000000008003d98        0x6 ./Core/Src/stm32f1xx_it.o
                0x0000000008003d98                BusFault_Handler
 .text.UsageFault_Handler
                0x0000000008003d9e        0x6 ./Core/Src/stm32f1xx_it.o
                0x0000000008003d9e                UsageFault_Handler
 .text.SVC_Handler
                0x0000000008003da4        0xc ./Core/Src/stm32f1xx_it.o
                0x0000000008003da4                SVC_Handler
 .text.DebugMon_Handler
                0x0000000008003db0        0xc ./Core/Src/stm32f1xx_it.o
                0x0000000008003db0                DebugMon_Handler
 .text.PendSV_Handler
                0x0000000008003dbc        0xc ./Core/Src/stm32f1xx_it.o
                0x0000000008003dbc                PendSV_Handler
 .text.SysTick_Handler
                0x0000000008003dc8        0xc ./Core/Src/stm32f1xx_it.o
                0x0000000008003dc8                SysTick_Handler
 .text.EXTI0_IRQHandler
                0x0000000008003dd4       0x34 ./Core/Src/stm32f1xx_it.o
                0x0000000008003dd4                EXTI0_IRQHandler
 .text.EXTI3_IRQHandler
                0x0000000008003e08       0x74 ./Core/Src/stm32f1xx_it.o
                0x0000000008003e08                EXTI3_IRQHandler
 .text.EXTI15_10_IRQHandler
                0x0000000008003e7c       0x3c ./Core/Src/stm32f1xx_it.o
                0x0000000008003e7c                EXTI15_10_IRQHandler
 .text._sbrk    0x0000000008003eb8       0x6c ./Core/Src/sysmem.o
                0x0000000008003eb8                _sbrk
 .text.SystemInit
                0x0000000008003f24       0x68 ./Core/Src/system_stm32f1xx.o
                0x0000000008003f24                SystemInit
 .text.Reset_Handler
                0x0000000008003f8c       0x48 ./Core/Startup/startup_stm32f103vetx.o
                0x0000000008003f8c                Reset_Handler
 .text.Default_Handler
                0x0000000008003fd4        0x2 ./Core/Startup/startup_stm32f103vetx.o
                0x0000000008003fd4                RTC_Alarm_IRQHandler
                0x0000000008003fd4                EXTI2_IRQHandler
                0x0000000008003fd4                TIM8_TRG_COM_IRQHandler
                0x0000000008003fd4                TIM8_CC_IRQHandler
                0x0000000008003fd4                TIM1_CC_IRQHandler
                0x0000000008003fd4                TIM6_IRQHandler
                0x0000000008003fd4                PVD_IRQHandler
                0x0000000008003fd4                SDIO_IRQHandler
                0x0000000008003fd4                I2C2_EV_IRQHandler
                0x0000000008003fd4                ADC1_2_IRQHandler
                0x0000000008003fd4                SPI1_IRQHandler
                0x0000000008003fd4                TAMPER_IRQHandler
                0x0000000008003fd4                TIM8_UP_IRQHandler
                0x0000000008003fd4                DMA2_Channel2_IRQHandler
                0x0000000008003fd4                DMA1_Channel4_IRQHandler
                0x0000000008003fd4                USART3_IRQHandler
                0x0000000008003fd4                RTC_IRQHandler
                0x0000000008003fd4                DMA1_Channel7_IRQHandler
                0x0000000008003fd4                CAN1_RX1_IRQHandler
                0x0000000008003fd4                UART5_IRQHandler
                0x0000000008003fd4                ADC3_IRQHandler
                0x0000000008003fd4                TIM4_IRQHandler
                0x0000000008003fd4                DMA2_Channel1_IRQHandler
                0x0000000008003fd4                I2C1_EV_IRQHandler
                0x0000000008003fd4                DMA1_Channel6_IRQHandler
                0x0000000008003fd4                UART4_IRQHandler
                0x0000000008003fd4                TIM3_IRQHandler
                0x0000000008003fd4                RCC_IRQHandler
                0x0000000008003fd4                TIM1_TRG_COM_IRQHandler
                0x0000000008003fd4                DMA1_Channel1_IRQHandler
                0x0000000008003fd4                Default_Handler
                0x0000000008003fd4                TIM7_IRQHandler
                0x0000000008003fd4                TIM5_IRQHandler
                0x0000000008003fd4                EXTI9_5_IRQHandler
                0x0000000008003fd4                SPI2_IRQHandler
                0x0000000008003fd4                DMA1_Channel5_IRQHandler
                0x0000000008003fd4                EXTI4_IRQHandler
                0x0000000008003fd4                USB_LP_CAN1_RX0_IRQHandler
                0x0000000008003fd4                USB_HP_CAN1_TX_IRQHandler
                0x0000000008003fd4                DMA1_Channel3_IRQHandler
                0x0000000008003fd4                FSMC_IRQHandler
                0x0000000008003fd4                TIM1_UP_IRQHandler
                0x0000000008003fd4                WWDG_IRQHandler
                0x0000000008003fd4                TIM2_IRQHandler
                0x0000000008003fd4                TIM1_BRK_IRQHandler
                0x0000000008003fd4                EXTI1_IRQHandler
                0x0000000008003fd4                DMA2_Channel4_5_IRQHandler
                0x0000000008003fd4                USART2_IRQHandler
                0x0000000008003fd4                I2C2_ER_IRQHandler
                0x0000000008003fd4                DMA1_Channel2_IRQHandler
                0x0000000008003fd4                TIM8_BRK_IRQHandler
                0x0000000008003fd4                CAN1_SCE_IRQHandler
                0x0000000008003fd4                FLASH_IRQHandler
                0x0000000008003fd4                USART1_IRQHandler
                0x0000000008003fd4                SPI3_IRQHandler
                0x0000000008003fd4                I2C1_ER_IRQHandler
                0x0000000008003fd4                USBWakeUp_IRQHandler
                0x0000000008003fd4                DMA2_Channel3_IRQHandler
 *fill*         0x0000000008003fd6        0x2 
 .text.HAL_Init
                0x0000000008003fd8       0x2c ./Drivers/STM32F1xx_HAL_Driver/Src/stm32f1xx_hal.o
                0x0000000008003fd8                HAL_Init
 .text.HAL_InitTick
                0x0000000008004004       0x60 ./Drivers/STM32F1xx_HAL_Driver/Src/stm32f1xx_hal.o
                0x0000000008004004                HAL_InitTick
 .text.HAL_IncTick
                0x0000000008004064       0x24 ./Drivers/STM32F1xx_HAL_Driver/Src/stm32f1xx_hal.o
                0x0000000008004064                HAL_IncTick
 .text.HAL_GetTick
                0x0000000008004088       0x14 ./Drivers/STM32F1xx_HAL_Driver/Src/stm32f1xx_hal.o
                0x0000000008004088                HAL_GetTick
 .text.HAL_Delay
                0x000000000800409c       0x48 ./Drivers/STM32F1xx_HAL_Driver/Src/stm32f1xx_hal.o
                0x000000000800409c                HAL_Delay
 .text.__NVIC_SetPriorityGrouping
                0x00000000080040e4       0x48 ./Drivers/STM32F1xx_HAL_Driver/Src/stm32f1xx_hal_cortex.o
 .text.__NVIC_GetPriorityGrouping
                0x000000000800412c       0x1c ./Drivers/STM32F1xx_HAL_Driver/Src/stm32f1xx_hal_cortex.o
 .text.__NVIC_EnableIRQ
                0x0000000008004148       0x38 ./Drivers/STM32F1xx_HAL_Driver/Src/stm32f1xx_hal_cortex.o
 .text.__NVIC_SetPriority
                0x0000000008004180       0x54 ./Drivers/STM32F1xx_HAL_Driver/Src/stm32f1xx_hal_cortex.o
 .text.NVIC_EncodePriority
                0x00000000080041d4       0x64 ./Drivers/STM32F1xx_HAL_Driver/Src/stm32f1xx_hal_cortex.o
 .text.SysTick_Config
                0x0000000008004238       0x44 ./Drivers/STM32F1xx_HAL_Driver/Src/stm32f1xx_hal_cortex.o
 .text.HAL_NVIC_SetPriorityGrouping
                0x000000000800427c       0x16 ./Drivers/STM32F1xx_HAL_Driver/Src/stm32f1xx_hal_cortex.o
                0x000000000800427c                HAL_NVIC_SetPriorityGrouping
 .text.HAL_NVIC_SetPriority
                0x0000000008004292       0x38 ./Drivers/STM32F1xx_HAL_Driver/Src/stm32f1xx_hal_cortex.o
                0x0000000008004292                HAL_NVIC_SetPriority
 .text.HAL_NVIC_EnableIRQ
                0x00000000080042ca       0x1c ./Drivers/STM32F1xx_HAL_Driver/Src/stm32f1xx_hal_cortex.o
                0x00000000080042ca                HAL_NVIC_EnableIRQ
 .text.HAL_SYSTICK_Config
                0x00000000080042e6       0x18 ./Drivers/STM32F1xx_HAL_Driver/Src/stm32f1xx_hal_cortex.o
                0x00000000080042e6                HAL_SYSTICK_Config
 *fill*         0x00000000080042fe        0x2 
 .text.HAL_GPIO_Init
                0x0000000008004300      0x328 ./Drivers/STM32F1xx_HAL_Driver/Src/stm32f1xx_hal_gpio.o
                0x0000000008004300                HAL_GPIO_Init
 .text.HAL_GPIO_ReadPin
                0x0000000008004628       0x2e ./Drivers/STM32F1xx_HAL_Driver/Src/stm32f1xx_hal_gpio.o
                0x0000000008004628                HAL_GPIO_ReadPin
 .text.HAL_GPIO_WritePin
                0x0000000008004656       0x30 ./Drivers/STM32F1xx_HAL_Driver/Src/stm32f1xx_hal_gpio.o
                0x0000000008004656                HAL_GPIO_WritePin
 *fill*         0x0000000008004686        0x2 
 .text.HAL_GPIO_EXTI_IRQHandler
                0x0000000008004688       0x30 ./Drivers/STM32F1xx_HAL_Driver/Src/stm32f1xx_hal_gpio.o
                0x0000000008004688                HAL_GPIO_EXTI_IRQHandler
 .text.HAL_GPIO_EXTI_Callback
                0x00000000080046b8       0x14 ./Drivers/STM32F1xx_HAL_Driver/Src/stm32f1xx_hal_gpio.o
                0x00000000080046b8                HAL_GPIO_EXTI_Callback
 .text.HAL_RCC_OscConfig
                0x00000000080046cc      0x504 ./Drivers/STM32F1xx_HAL_Driver/Src/stm32f1xx_hal_rcc.o
                0x00000000080046cc                HAL_RCC_OscConfig
 .text.HAL_RCC_ClockConfig
                0x0000000008004bd0      0x1d4 ./Drivers/STM32F1xx_HAL_Driver/Src/stm32f1xx_hal_rcc.o
                0x0000000008004bd0                HAL_RCC_ClockConfig
 .text.HAL_RCC_GetSysClockFreq
                0x0000000008004da4       0xa8 ./Drivers/STM32F1xx_HAL_Driver/Src/stm32f1xx_hal_rcc.o
                0x0000000008004da4                HAL_RCC_GetSysClockFreq
 .text.RCC_Delay
                0x0000000008004e4c       0x3c ./Drivers/STM32F1xx_HAL_Driver/Src/stm32f1xx_hal_rcc.o
 .text.HAL_SRAM_Init
                0x0000000008004e88       0x9a ./Drivers/STM32F1xx_HAL_Driver/Src/stm32f1xx_hal_sram.o
                0x0000000008004e88                HAL_SRAM_Init
 .text.HAL_TIM_PWM_Init
                0x0000000008004f22       0x9e ./Drivers/STM32F1xx_HAL_Driver/Src/stm32f1xx_hal_tim.o
                0x0000000008004f22                HAL_TIM_PWM_Init
 .text.HAL_TIM_PWM_Start
                0x0000000008004fc0      0x174 ./Drivers/STM32F1xx_HAL_Driver/Src/stm32f1xx_hal_tim.o
                0x0000000008004fc0                HAL_TIM_PWM_Start
 .text.HAL_TIM_PWM_ConfigChannel
                0x0000000008005134      0x184 ./Drivers/STM32F1xx_HAL_Driver/Src/stm32f1xx_hal_tim.o
                0x0000000008005134                HAL_TIM_PWM_ConfigChannel
 .text.TIM_Base_SetConfig
                0x00000000080052b8      0x10c ./Drivers/STM32F1xx_HAL_Driver/Src/stm32f1xx_hal_tim.o
                0x00000000080052b8                TIM_Base_SetConfig
 .text.TIM_OC1_SetConfig
                0x00000000080053c4       0xe0 ./Drivers/STM32F1xx_HAL_Driver/Src/stm32f1xx_hal_tim.o
 .text.TIM_OC2_SetConfig
                0x00000000080054a4       0xe8 ./Drivers/STM32F1xx_HAL_Driver/Src/stm32f1xx_hal_tim.o
                0x00000000080054a4                TIM_OC2_SetConfig
 .text.TIM_OC3_SetConfig
                0x000000000800558c       0xe8 ./Drivers/STM32F1xx_HAL_Driver/Src/stm32f1xx_hal_tim.o
 .text.TIM_OC4_SetConfig
                0x0000000008005674       0xa8 ./Drivers/STM32F1xx_HAL_Driver/Src/stm32f1xx_hal_tim.o
 .text.TIM_CCxChannelCmd
                0x000000000800571c       0x48 ./Drivers/STM32F1xx_HAL_Driver/Src/stm32f1xx_hal_tim.o
                0x000000000800571c                TIM_CCxChannelCmd
 .text.HAL_TIMEx_MasterConfigSynchronization
                0x0000000008005764       0xd8 ./Drivers/STM32F1xx_HAL_Driver/Src/stm32f1xx_hal_tim_ex.o
                0x0000000008005764                HAL_TIMEx_MasterConfigSynchronization
 .text.FSMC_NORSRAM_Init
                0x000000000800583c       0xd4 ./Drivers/STM32F1xx_HAL_Driver/Src/stm32f1xx_ll_fsmc.o
                0x000000000800583c                FSMC_NORSRAM_Init
 .text.FSMC_NORSRAM_Timing_Init
                0x0000000008005910       0x5a ./Drivers/STM32F1xx_HAL_Driver/Src/stm32f1xx_ll_fsmc.o
                0x0000000008005910                FSMC_NORSRAM_Timing_Init
 *fill*         0x000000000800596a        0x2 
 .text.FSMC_NORSRAM_Extended_Timing_Init
                0x000000000800596c       0x70 ./Drivers/STM32F1xx_HAL_Driver/Src/stm32f1xx_ll_fsmc.o
                0x000000000800596c                FSMC_NORSRAM_Extended_Timing_Init
 .text.__errno  0x00000000080059dc        0xc c:/st/stm32cubeide_1.9.0/stm32cubeide/plugins/com.st.stm32cube.ide.mcu.externaltools.gnu-tools-for-stm32.10.3-2021.10.win32_1.0.0.202111181127/tools/bin/../lib/gcc/arm-none-eabi/10.3.1/../../../../arm-none-eabi/lib/thumb/v7-m/nofp\libc_nano.a(lib_a-errno.o)
                0x00000000080059dc                __errno
 .text.__libc_init_array
                0x00000000080059e8       0x48 c:/st/stm32cubeide_1.9.0/stm32cubeide/plugins/com.st.stm32cube.ide.mcu.externaltools.gnu-tools-for-stm32.10.3-2021.10.win32_1.0.0.202111181127/tools/bin/../lib/gcc/arm-none-eabi/10.3.1/../../../../arm-none-eabi/lib/thumb/v7-m/nofp\libc_nano.a(lib_a-init.o)
                0x00000000080059e8                __libc_init_array
 .text.memset   0x0000000008005a30       0x10 c:/st/stm32cubeide_1.9.0/stm32cubeide/plugins/com.st.stm32cube.ide.mcu.externaltools.gnu-tools-for-stm32.10.3-2021.10.win32_1.0.0.202111181127/tools/bin/../lib/gcc/arm-none-eabi/10.3.1/../../../../arm-none-eabi/lib/thumb/v7-m/nofp\libc_nano.a(lib_a-memset.o)
                0x0000000008005a30                memset
 .text.sprintf  0x0000000008005a40       0x40 c:/st/stm32cubeide_1.9.0/stm32cubeide/plugins/com.st.stm32cube.ide.mcu.externaltools.gnu-tools-for-stm32.10.3-2021.10.win32_1.0.0.202111181127/tools/bin/../lib/gcc/arm-none-eabi/10.3.1/../../../../arm-none-eabi/lib/thumb/v7-m/nofp\libc_nano.a(lib_a-sprintf.o)
                0x0000000008005a40                siprintf
                0x0000000008005a40                sprintf
 .text.__ssputs_r
                0x0000000008005a80       0xb6 c:/st/stm32cubeide_1.9.0/stm32cubeide/plugins/com.st.stm32cube.ide.mcu.externaltools.gnu-tools-for-stm32.10.3-2021.10.win32_1.0.0.202111181127/tools/bin/../lib/gcc/arm-none-eabi/10.3.1/../../../../arm-none-eabi/lib/thumb/v7-m/nofp\libc_nano.a(lib_a-nano-svfprintf.o)
                0x0000000008005a80                __ssputs_r
 *fill*         0x0000000008005b36        0x2 
 .text._svfprintf_r
                0x0000000008005b38      0x200 c:/st/stm32cubeide_1.9.0/stm32cubeide/plugins/com.st.stm32cube.ide.mcu.externaltools.gnu-tools-for-stm32.10.3-2021.10.win32_1.0.0.202111181127/tools/bin/../lib/gcc/arm-none-eabi/10.3.1/../../../../arm-none-eabi/lib/thumb/v7-m/nofp\libc_nano.a(lib_a-nano-svfprintf.o)
                0x0000000008005b38                _svfiprintf_r
                0x0000000008005b38                _svfprintf_r
 .text._printf_common
                0x0000000008005d38       0xde c:/st/stm32cubeide_1.9.0/stm32cubeide/plugins/com.st.stm32cube.ide.mcu.externaltools.gnu-tools-for-stm32.10.3-2021.10.win32_1.0.0.202111181127/tools/bin/../lib/gcc/arm-none-eabi/10.3.1/../../../../arm-none-eabi/lib/thumb/v7-m/nofp\libc_nano.a(lib_a-nano-vfprintf_i.o)
                0x0000000008005d38                _printf_common
 *fill*         0x0000000008005e16        0x2 
 .text._printf_i
                0x0000000008005e18      0x24c c:/st/stm32cubeide_1.9.0/stm32cubeide/plugins/com.st.stm32cube.ide.mcu.externaltools.gnu-tools-for-stm32.10.3-2021.10.win32_1.0.0.202111181127/tools/bin/../lib/gcc/arm-none-eabi/10.3.1/../../../../arm-none-eabi/lib/thumb/v7-m/nofp\libc_nano.a(lib_a-nano-vfprintf_i.o)
                0x0000000008005e18                _printf_i
 .text.memchr   0x0000000008006064       0x1c c:/st/stm32cubeide_1.9.0/stm32cubeide/plugins/com.st.stm32cube.ide.mcu.externaltools.gnu-tools-for-stm32.10.3-2021.10.win32_1.0.0.202111181127/tools/bin/../lib/gcc/arm-none-eabi/10.3.1/../../../../arm-none-eabi/lib/thumb/v7-m/nofp\libc_nano.a(lib_a-memchr-stub.o)
                0x0000000008006064                memchr
 .text.memcpy   0x0000000008006080       0x1c c:/st/stm32cubeide_1.9.0/stm32cubeide/plugins/com.st.stm32cube.ide.mcu.externaltools.gnu-tools-for-stm32.10.3-2021.10.win32_1.0.0.202111181127/tools/bin/../lib/gcc/arm-none-eabi/10.3.1/../../../../arm-none-eabi/lib/thumb/v7-m/nofp\libc_nano.a(lib_a-memcpy-stub.o)
                0x0000000008006080                memcpy
 .text.memmove  0x000000000800609c       0x34 c:/st/stm32cubeide_1.9.0/stm32cubeide/plugins/com.st.stm32cube.ide.mcu.externaltools.gnu-tools-for-stm32.10.3-2021.10.win32_1.0.0.202111181127/tools/bin/../lib/gcc/arm-none-eabi/10.3.1/../../../../arm-none-eabi/lib/thumb/v7-m/nofp\libc_nano.a(lib_a-memmove.o)
                0x000000000800609c                memmove
 .text._free_r  0x00000000080060d0       0x90 c:/st/stm32cubeide_1.9.0/stm32cubeide/plugins/com.st.stm32cube.ide.mcu.externaltools.gnu-tools-for-stm32.10.3-2021.10.win32_1.0.0.202111181127/tools/bin/../lib/gcc/arm-none-eabi/10.3.1/../../../../arm-none-eabi/lib/thumb/v7-m/nofp\libc_nano.a(lib_a-nano-freer.o)
                0x00000000080060d0                _free_r
 .text.sbrk_aligned
                0x0000000008006160       0x40 c:/st/stm32cubeide_1.9.0/stm32cubeide/plugins/com.st.stm32cube.ide.mcu.externaltools.gnu-tools-for-stm32.10.3-2021.10.win32_1.0.0.202111181127/tools/bin/../lib/gcc/arm-none-eabi/10.3.1/../../../../arm-none-eabi/lib/thumb/v7-m/nofp\libc_nano.a(lib_a-nano-mallocr.o)
 .text._malloc_r
                0x00000000080061a0       0xe8 c:/st/stm32cubeide_1.9.0/stm32cubeide/plugins/com.st.stm32cube.ide.mcu.externaltools.gnu-tools-for-stm32.10.3-2021.10.win32_1.0.0.202111181127/tools/bin/../lib/gcc/arm-none-eabi/10.3.1/../../../../arm-none-eabi/lib/thumb/v7-m/nofp\libc_nano.a(lib_a-nano-mallocr.o)
                0x00000000080061a0                _malloc_r
 .text._realloc_r
                0x0000000008006288       0x5e c:/st/stm32cubeide_1.9.0/stm32cubeide/plugins/com.st.stm32cube.ide.mcu.externaltools.gnu-tools-for-stm32.10.3-2021.10.win32_1.0.0.202111181127/tools/bin/../lib/gcc/arm-none-eabi/10.3.1/../../../../arm-none-eabi/lib/thumb/v7-m/nofp\libc_nano.a(lib_a-nano-reallocr.o)
                0x0000000008006288                _realloc_r
 *fill*         0x00000000080062e6        0x2 
 .text._sbrk_r  0x00000000080062e8       0x20 c:/st/stm32cubeide_1.9.0/stm32cubeide/plugins/com.st.stm32cube.ide.mcu.externaltools.gnu-tools-for-stm32.10.3-2021.10.win32_1.0.0.202111181127/tools/bin/../lib/gcc/arm-none-eabi/10.3.1/../../../../arm-none-eabi/lib/thumb/v7-m/nofp\libc_nano.a(lib_a-sbrkr.o)
                0x00000000080062e8                _sbrk_r
 .text.__malloc_lock
                0x0000000008006308        0xc c:/st/stm32cubeide_1.9.0/stm32cubeide/plugins/com.st.stm32cube.ide.mcu.externaltools.gnu-tools-for-stm32.10.3-2021.10.win32_1.0.0.202111181127/tools/bin/../lib/gcc/arm-none-eabi/10.3.1/../../../../arm-none-eabi/lib/thumb/v7-m/nofp\libc_nano.a(lib_a-mlock.o)
                0x0000000008006308                __malloc_lock
 .text.__malloc_unlock
                0x0000000008006314        0xc c:/st/stm32cubeide_1.9.0/stm32cubeide/plugins/com.st.stm32cube.ide.mcu.externaltools.gnu-tools-for-stm32.10.3-2021.10.win32_1.0.0.202111181127/tools/bin/../lib/gcc/arm-none-eabi/10.3.1/../../../../arm-none-eabi/lib/thumb/v7-m/nofp\libc_nano.a(lib_a-mlock.o)
                0x0000000008006314                __malloc_unlock
 .text._malloc_usable_size_r
                0x0000000008006320       0x10 c:/st/stm32cubeide_1.9.0/stm32cubeide/plugins/com.st.stm32cube.ide.mcu.externaltools.gnu-tools-for-stm32.10.3-2021.10.win32_1.0.0.202111181127/tools/bin/../lib/gcc/arm-none-eabi/10.3.1/../../../../arm-none-eabi/lib/thumb/v7-m/nofp\libc_nano.a(lib_a-nano-msizer.o)
                0x0000000008006320                _malloc_usable_size_r
 .text.__retarget_lock_acquire_recursive
                0x0000000008006330        0x2 c:/st/stm32cubeide_1.9.0/stm32cubeide/plugins/com.st.stm32cube.ide.mcu.externaltools.gnu-tools-for-stm32.10.3-2021.10.win32_1.0.0.202111181127/tools/bin/../lib/gcc/arm-none-eabi/10.3.1/../../../../arm-none-eabi/lib/thumb/v7-m/nofp\libc_nano.a(lib_a-lock.o)
                0x0000000008006330                __retarget_lock_acquire_recursive
 .text.__retarget_lock_release_recursive
                0x0000000008006332        0x2 c:/st/stm32cubeide_1.9.0/stm32cubeide/plugins/com.st.stm32cube.ide.mcu.externaltools.gnu-tools-for-stm32.10.3-2021.10.win32_1.0.0.202111181127/tools/bin/../lib/gcc/arm-none-eabi/10.3.1/../../../../arm-none-eabi/lib/thumb/v7-m/nofp\libc_nano.a(lib_a-lock.o)
                0x0000000008006332                __retarget_lock_release_recursive
 .text.cosf     0x0000000008006334       0x70 c:/st/stm32cubeide_1.9.0/stm32cubeide/plugins/com.st.stm32cube.ide.mcu.externaltools.gnu-tools-for-stm32.10.3-2021.10.win32_1.0.0.202111181127/tools/bin/../lib/gcc/arm-none-eabi/10.3.1/../../../../arm-none-eabi/lib/thumb/v7-m/nofp\libm.a(lib_a-sf_cos.o)
                0x0000000008006334                cosf
 .text.fmaxf    0x00000000080063a4       0x24 c:/st/stm32cubeide_1.9.0/stm32cubeide/plugins/com.st.stm32cube.ide.mcu.externaltools.gnu-tools-for-stm32.10.3-2021.10.win32_1.0.0.202111181127/tools/bin/../lib/gcc/arm-none-eabi/10.3.1/../../../../arm-none-eabi/lib/thumb/v7-m/nofp\libm.a(lib_a-sf_fmax.o)
                0x00000000080063a4                fmaxf
 .text.fminf    0x00000000080063c8       0x24 c:/st/stm32cubeide_1.9.0/stm32cubeide/plugins/com.st.stm32cube.ide.mcu.externaltools.gnu-tools-for-stm32.10.3-2021.10.win32_1.0.0.202111181127/tools/bin/../lib/gcc/arm-none-eabi/10.3.1/../../../../arm-none-eabi/lib/thumb/v7-m/nofp\libm.a(lib_a-sf_fmin.o)
                0x00000000080063c8                fminf
 .text.__fpclassifyf
                0x00000000080063ec       0x34 c:/st/stm32cubeide_1.9.0/stm32cubeide/plugins/com.st.stm32cube.ide.mcu.externaltools.gnu-tools-for-stm32.10.3-2021.10.win32_1.0.0.202111181127/tools/bin/../lib/gcc/arm-none-eabi/10.3.1/../../../../arm-none-eabi/lib/thumb/v7-m/nofp\libm.a(lib_a-sf_fpclassify.o)
                0x00000000080063ec                __fpclassifyf
 .text.sinf     0x0000000008006420       0x74 c:/st/stm32cubeide_1.9.0/stm32cubeide/plugins/com.st.stm32cube.ide.mcu.externaltools.gnu-tools-for-stm32.10.3-2021.10.win32_1.0.0.202111181127/tools/bin/../lib/gcc/arm-none-eabi/10.3.1/../../../../arm-none-eabi/lib/thumb/v7-m/nofp\libm.a(lib_a-sf_sin.o)
                0x0000000008006420                sinf
 .text.tanhf    0x0000000008006494       0xb4 c:/st/stm32cubeide_1.9.0/stm32cubeide/plugins/com.st.stm32cube.ide.mcu.externaltools.gnu-tools-for-stm32.10.3-2021.10.win32_1.0.0.202111181127/tools/bin/../lib/gcc/arm-none-eabi/10.3.1/../../../../arm-none-eabi/lib/thumb/v7-m/nofp\libm.a(lib_a-sf_tanh.o)
                0x0000000008006494                tanhf
 .text.atan2f   0x0000000008006548        0x4 c:/st/stm32cubeide_1.9.0/stm32cubeide/plugins/com.st.stm32cube.ide.mcu.externaltools.gnu-tools-for-stm32.10.3-2021.10.win32_1.0.0.202111181127/tools/bin/../lib/gcc/arm-none-eabi/10.3.1/../../../../arm-none-eabi/lib/thumb/v7-m/nofp\libm.a(lib_a-wf_atan2.o)
                0x0000000008006548                atan2f
 .text.sqrtf    0x000000000800654c       0x34 c:/st/stm32cubeide_1.9.0/stm32cubeide/plugins/com.st.stm32cube.ide.mcu.externaltools.gnu-tools-for-stm32.10.3-2021.10.win32_1.0.0.202111181127/tools/bin/../lib/gcc/arm-none-eabi/10.3.1/../../../../arm-none-eabi/lib/thumb/v7-m/nofp\libm.a(lib_a-wf_sqrt.o)
                0x000000000800654c                sqrtf
 .text.__ieee754_atan2f
                0x0000000008006580      0x10c c:/st/stm32cubeide_1.9.0/stm32cubeide/plugins/com.st.stm32cube.ide.mcu.externaltools.gnu-tools-for-stm32.10.3-2021.10.win32_1.0.0.202111181127/tools/bin/../lib/gcc/arm-none-eabi/10.3.1/../../../../arm-none-eabi/lib/thumb/v7-m/nofp\libm.a(lib_a-ef_atan2.o)
                0x0000000008006580                __ieee754_atan2f
 .text.__ieee754_rem_pio2f
                0x000000000800668c      0x2bc c:/st/stm32cubeide_1.9.0/stm32cubeide/plugins/com.st.stm32cube.ide.mcu.externaltools.gnu-tools-for-stm32.10.3-2021.10.win32_1.0.0.202111181127/tools/bin/../lib/gcc/arm-none-eabi/10.3.1/../../../../arm-none-eabi/lib/thumb/v7-m/nofp\libm.a(lib_a-ef_rem_pio2.o)
                0x000000000800668c                __ieee754_rem_pio2f
 .text.__ieee754_sqrtf
                0x0000000008006948       0xa2 c:/st/stm32cubeide_1.9.0/stm32cubeide/plugins/com.st.stm32cube.ide.mcu.externaltools.gnu-tools-for-stm32.10.3-2021.10.win32_1.0.0.202111181127/tools/bin/../lib/gcc/arm-none-eabi/10.3.1/../../../../arm-none-eabi/lib/thumb/v7-m/nofp\libm.a(lib_a-ef_sqrt.o)
                0x0000000008006948                __ieee754_sqrtf
 *fill*         0x00000000080069ea        0x2 
 .text.__kernel_cosf
                0x00000000080069ec      0x100 c:/st/stm32cubeide_1.9.0/stm32cubeide/plugins/com.st.stm32cube.ide.mcu.externaltools.gnu-tools-for-stm32.10.3-2021.10.win32_1.0.0.202111181127/tools/bin/../lib/gcc/arm-none-eabi/10.3.1/../../../../arm-none-eabi/lib/thumb/v7-m/nofp\libm.a(lib_a-kf_cos.o)
                0x00000000080069ec                __kernel_cosf
 .text.__kernel_rem_pio2f
                0x0000000008006aec      0x564 c:/st/stm32cubeide_1.9.0/stm32cubeide/plugins/com.st.stm32cube.ide.mcu.externaltools.gnu-tools-for-stm32.10.3-2021.10.win32_1.0.0.202111181127/tools/bin/../lib/gcc/arm-none-eabi/10.3.1/../../../../arm-none-eabi/lib/thumb/v7-m/nofp\libm.a(lib_a-kf_rem_pio2.o)
                0x0000000008006aec                __kernel_rem_pio2f
 .text.__kernel_sinf
                0x0000000008007050       0xec c:/st/stm32cubeide_1.9.0/stm32cubeide/plugins/com.st.stm32cube.ide.mcu.externaltools.gnu-tools-for-stm32.10.3-2021.10.win32_1.0.0.202111181127/tools/bin/../lib/gcc/arm-none-eabi/10.3.1/../../../../arm-none-eabi/lib/thumb/v7-m/nofp\libm.a(lib_a-kf_sin.o)
                0x0000000008007050                __kernel_sinf
 .text.atanf    0x000000000800713c      0x218 c:/st/stm32cubeide_1.9.0/stm32cubeide/plugins/com.st.stm32cube.ide.mcu.externaltools.gnu-tools-for-stm32.10.3-2021.10.win32_1.0.0.202111181127/tools/bin/../lib/gcc/arm-none-eabi/10.3.1/../../../../arm-none-eabi/lib/thumb/v7-m/nofp\libm.a(lib_a-sf_atan.o)
                0x000000000800713c                atanf
 .text.expm1f   0x0000000008007354      0x2b8 c:/st/stm32cubeide_1.9.0/stm32cubeide/plugins/com.st.stm32cube.ide.mcu.externaltools.gnu-tools-for-stm32.10.3-2021.10.win32_1.0.0.202111181127/tools/bin/../lib/gcc/arm-none-eabi/10.3.1/../../../../arm-none-eabi/lib/thumb/v7-m/nofp\libm.a(lib_a-sf_expm1.o)
                0x0000000008007354                expm1f
 .text.fabsf    0x000000000800760c        0x6 c:/st/stm32cubeide_1.9.0/stm32cubeide/plugins/com.st.stm32cube.ide.mcu.externaltools.gnu-tools-for-stm32.10.3-2021.10.win32_1.0.0.202111181127/tools/bin/../lib/gcc/arm-none-eabi/10.3.1/../../../../arm-none-eabi/lib/thumb/v7-m/nofp\libm.a(lib_a-sf_fabs.o)
                0x000000000800760c                fabsf
 *fill*         0x0000000008007612        0x2 
 .text.floorf   0x0000000008007614       0x84 c:/st/stm32cubeide_1.9.0/stm32cubeide/plugins/com.st.stm32cube.ide.mcu.externaltools.gnu-tools-for-stm32.10.3-2021.10.win32_1.0.0.202111181127/tools/bin/../lib/gcc/arm-none-eabi/10.3.1/../../../../arm-none-eabi/lib/thumb/v7-m/nofp\libm.a(lib_a-sf_floor.o)
                0x0000000008007614                floorf
 .text.scalbnf  0x0000000008007698       0x98 c:/st/stm32cubeide_1.9.0/stm32cubeide/plugins/com.st.stm32cube.ide.mcu.externaltools.gnu-tools-for-stm32.10.3-2021.10.win32_1.0.0.202111181127/tools/bin/../lib/gcc/arm-none-eabi/10.3.1/../../../../arm-none-eabi/lib/thumb/v7-m/nofp\libm.a(lib_a-sf_scalbn.o)
                0x0000000008007698                scalbnf
 .text.with_errnof
                0x0000000008007730       0x10 c:/st/stm32cubeide_1.9.0/stm32cubeide/plugins/com.st.stm32cube.ide.mcu.externaltools.gnu-tools-for-stm32.10.3-2021.10.win32_1.0.0.202111181127/tools/bin/../lib/gcc/arm-none-eabi/10.3.1/../../../../arm-none-eabi/lib/thumb/v7-m/nofp\libm.a(lib_a-math_errf.o)
 .text.xflowf   0x0000000008007740       0x1a c:/st/stm32cubeide_1.9.0/stm32cubeide/plugins/com.st.stm32cube.ide.mcu.externaltools.gnu-tools-for-stm32.10.3-2021.10.win32_1.0.0.202111181127/tools/bin/../lib/gcc/arm-none-eabi/10.3.1/../../../../arm-none-eabi/lib/thumb/v7-m/nofp\libm.a(lib_a-math_errf.o)
 .text.__math_oflowf
                0x000000000800775a        0x8 c:/st/stm32cubeide_1.9.0/stm32cubeide/plugins/com.st.stm32cube.ide.mcu.externaltools.gnu-tools-for-stm32.10.3-2021.10.win32_1.0.0.202111181127/tools/bin/../lib/gcc/arm-none-eabi/10.3.1/../../../../arm-none-eabi/lib/thumb/v7-m/nofp\libm.a(lib_a-math_errf.o)
                0x000000000800775a                __math_oflowf
 *(.glue_7)
 .glue_7        0x0000000008007762        0x0 linker stubs
 *(.glue_7t)
 .glue_7t       0x0000000008007762        0x0 linker stubs
 *(.eh_frame)
 *fill*         0x0000000008007762        0x2 
 .eh_frame      0x0000000008007764        0x0 c:/st/stm32cubeide_1.9.0/stm32cubeide/plugins/com.st.stm32cube.ide.mcu.externaltools.gnu-tools-for-stm32.10.3-2021.10.win32_1.0.0.202111181127/tools/bin/../lib/gcc/arm-none-eabi/10.3.1/thumb/v7-m/nofp/crtbegin.o
 *(.init)
 .init          0x0000000008007764        0x4 c:/st/stm32cubeide_1.9.0/stm32cubeide/plugins/com.st.stm32cube.ide.mcu.externaltools.gnu-tools-for-stm32.10.3-2021.10.win32_1.0.0.202111181127/tools/bin/../lib/gcc/arm-none-eabi/10.3.1/thumb/v7-m/nofp/crti.o
                0x0000000008007764                _init
 .init          0x0000000008007768        0x8 c:/st/stm32cubeide_1.9.0/stm32cubeide/plugins/com.st.stm32cube.ide.mcu.externaltools.gnu-tools-for-stm32.10.3-2021.10.win32_1.0.0.202111181127/tools/bin/../lib/gcc/arm-none-eabi/10.3.1/thumb/v7-m/nofp/crtn.o
 *(.fini)
 .fini          0x0000000008007770        0x4 c:/st/stm32cubeide_1.9.0/stm32cubeide/plugins/com.st.stm32cube.ide.mcu.externaltools.gnu-tools-for-stm32.10.3-2021.10.win32_1.0.0.202111181127/tools/bin/../lib/gcc/arm-none-eabi/10.3.1/thumb/v7-m/nofp/crti.o
                0x0000000008007770                _fini
 .fini          0x0000000008007774        0x8 c:/st/stm32cubeide_1.9.0/stm32cubeide/plugins/com.st.stm32cube.ide.mcu.externaltools.gnu-tools-for-stm32.10.3-2021.10.win32_1.0.0.202111181127/tools/bin/../lib/gcc/arm-none-eabi/10.3.1/thumb/v7-m/nofp/crtn.o
                0x000000000800777c                . = ALIGN (0x4)
                0x000000000800777c                _etext = .

.vfp11_veneer   0x000000000800777c        0x0
 .vfp11_veneer  0x000000000800777c        0x0 linker stubs

.v4_bx          0x000000000800777c        0x0
 .v4_bx         0x000000000800777c        0x0 linker stubs

.iplt           0x000000000800777c        0x0
 .iplt          0x000000000800777c        0x0 c:/st/stm32cubeide_1.9.0/stm32cubeide/plugins/com.st.stm32cube.ide.mcu.externaltools.gnu-tools-for-stm32.10.3-2021.10.win32_1.0.0.202111181127/tools/bin/../lib/gcc/arm-none-eabi/10.3.1/thumb/v7-m/nofp/crtbegin.o

.rodata         0x000000000800777c      0xae0
                0x000000000800777c                . = ALIGN (0x4)
 *(.rodata)
 .rodata        0x000000000800777c       0x19 ./Core/Src/bsp_ov7725.o
 *fill*         0x0000000008007795        0x3 
 .rodata        0x0000000008007798       0x45 ./Core/Src/main.o
 *fill*         0x00000000080077dd        0x3 
 .rodata        0x00000000080077e0       0x10 ./Core/Src/pid.o
 .rodata        0x00000000080077f0       0x1b ./Core/Src/robot_controller.o
 *(.rodata*)
 *fill*         0x000000000800780b        0x1 
 .rodata.ucAscii_1608
                0x000000000800780c      0x5f0 ./Core/Src/lcd.o
                0x000000000800780c                ucAscii_1608
 .rodata.AHBPrescTable
                0x0000000008007dfc       0x10 ./Core/Src/system_stm32f1xx.o
                0x0000000008007dfc                AHBPrescTable
 .rodata.aPLLMULFactorTable.1
                0x0000000008007e0c       0x10 ./Drivers/STM32F1xx_HAL_Driver/Src/stm32f1xx_hal_rcc.o
 .rodata.aPredivFactorTable.0
                0x0000000008007e1c        0x2 ./Drivers/STM32F1xx_HAL_Driver/Src/stm32f1xx_hal_rcc.o
 .rodata._svfprintf_r.str1.1
                0x0000000008007e1e       0x11 c:/st/stm32cubeide_1.9.0/stm32cubeide/plugins/com.st.stm32cube.ide.mcu.externaltools.gnu-tools-for-stm32.10.3-2021.10.win32_1.0.0.202111181127/tools/bin/../lib/gcc/arm-none-eabi/10.3.1/../../../../arm-none-eabi/lib/thumb/v7-m/nofp\libc_nano.a(lib_a-nano-svfprintf.o)
 .rodata._printf_i.str1.1
                0x0000000008007e2f       0x22 c:/st/stm32cubeide_1.9.0/stm32cubeide/plugins/com.st.stm32cube.ide.mcu.externaltools.gnu-tools-for-stm32.10.3-2021.10.win32_1.0.0.202111181127/tools/bin/../lib/gcc/arm-none-eabi/10.3.1/../../../../arm-none-eabi/lib/thumb/v7-m/nofp\libc_nano.a(lib_a-nano-vfprintf_i.o)
 *fill*         0x0000000008007e51        0x3 
 .rodata.CSWTCH.8
                0x0000000008007e54        0xc c:/st/stm32cubeide_1.9.0/stm32cubeide/plugins/com.st.stm32cube.ide.mcu.externaltools.gnu-tools-for-stm32.10.3-2021.10.win32_1.0.0.202111181127/tools/bin/../lib/gcc/arm-none-eabi/10.3.1/../../../../arm-none-eabi/lib/thumb/v7-m/nofp\libm.a(lib_a-ef_atan2.o)
 .rodata.CSWTCH.9
                0x0000000008007e60        0xc c:/st/stm32cubeide_1.9.0/stm32cubeide/plugins/com.st.stm32cube.ide.mcu.externaltools.gnu-tools-for-stm32.10.3-2021.10.win32_1.0.0.202111181127/tools/bin/../lib/gcc/arm-none-eabi/10.3.1/../../../../arm-none-eabi/lib/thumb/v7-m/nofp\libm.a(lib_a-ef_atan2.o)
 .rodata.npio2_hw
                0x0000000008007e6c       0x80 c:/st/stm32cubeide_1.9.0/stm32cubeide/plugins/com.st.stm32cube.ide.mcu.externaltools.gnu-tools-for-stm32.10.3-2021.10.win32_1.0.0.202111181127/tools/bin/../lib/gcc/arm-none-eabi/10.3.1/../../../../arm-none-eabi/lib/thumb/v7-m/nofp\libm.a(lib_a-ef_rem_pio2.o)
 .rodata.two_over_pi
                0x0000000008007eec      0x318 c:/st/stm32cubeide_1.9.0/stm32cubeide/plugins/com.st.stm32cube.ide.mcu.externaltools.gnu-tools-for-stm32.10.3-2021.10.win32_1.0.0.202111181127/tools/bin/../lib/gcc/arm-none-eabi/10.3.1/../../../../arm-none-eabi/lib/thumb/v7-m/nofp\libm.a(lib_a-ef_rem_pio2.o)
 .rodata.PIo2   0x0000000008008204       0x2c c:/st/stm32cubeide_1.9.0/stm32cubeide/plugins/com.st.stm32cube.ide.mcu.externaltools.gnu-tools-for-stm32.10.3-2021.10.win32_1.0.0.202111181127/tools/bin/../lib/gcc/arm-none-eabi/10.3.1/../../../../arm-none-eabi/lib/thumb/v7-m/nofp\libm.a(lib_a-kf_rem_pio2.o)
 .rodata.init_jk
                0x0000000008008230        0xc c:/st/stm32cubeide_1.9.0/stm32cubeide/plugins/com.st.stm32cube.ide.mcu.externaltools.gnu-tools-for-stm32.10.3-2021.10.win32_1.0.0.202111181127/tools/bin/../lib/gcc/arm-none-eabi/10.3.1/../../../../arm-none-eabi/lib/thumb/v7-m/nofp\libm.a(lib_a-kf_rem_pio2.o)
 .rodata.atanhi
                0x000000000800823c       0x10 c:/st/stm32cubeide_1.9.0/stm32cubeide/plugins/com.st.stm32cube.ide.mcu.externaltools.gnu-tools-for-stm32.10.3-2021.10.win32_1.0.0.202111181127/tools/bin/../lib/gcc/arm-none-eabi/10.3.1/../../../../arm-none-eabi/lib/thumb/v7-m/nofp\libm.a(lib_a-sf_atan.o)
 .rodata.atanlo
                0x000000000800824c       0x10 c:/st/stm32cubeide_1.9.0/stm32cubeide/plugins/com.st.stm32cube.ide.mcu.externaltools.gnu-tools-for-stm32.10.3-2021.10.win32_1.0.0.202111181127/tools/bin/../lib/gcc/arm-none-eabi/10.3.1/../../../../arm-none-eabi/lib/thumb/v7-m/nofp\libm.a(lib_a-sf_atan.o)
                0x000000000800825c                . = ALIGN (0x4)

.rel.dyn        0x000000000800825c        0x0
 .rel.iplt      0x000000000800825c        0x0 c:/st/stm32cubeide_1.9.0/stm32cubeide/plugins/com.st.stm32cube.ide.mcu.externaltools.gnu-tools-for-stm32.10.3-2021.10.win32_1.0.0.202111181127/tools/bin/../lib/gcc/arm-none-eabi/10.3.1/thumb/v7-m/nofp/crtbegin.o

.ARM.extab      0x000000000800825c        0x0
                0x000000000800825c                . = ALIGN (0x4)
 *(.ARM.extab* .gnu.linkonce.armextab.*)
                0x000000000800825c                . = ALIGN (0x4)

.ARM            0x000000000800825c        0x0
                0x000000000800825c                . = ALIGN (0x4)
                0x000000000800825c                __exidx_start = .
 *(.ARM.exidx*)
                0x000000000800825c                __exidx_end = .
                0x000000000800825c                . = ALIGN (0x4)

.preinit_array  0x000000000800825c        0x0
                0x000000000800825c                . = ALIGN (0x4)
                0x000000000800825c                PROVIDE (__preinit_array_start = .)
 *(.preinit_array*)
                0x000000000800825c                PROVIDE (__preinit_array_end = .)
                0x000000000800825c                . = ALIGN (0x4)

.init_array     0x000000000800825c        0x4
                0x000000000800825c                . = ALIGN (0x4)
                0x000000000800825c                PROVIDE (__init_array_start = .)
 *(SORT_BY_NAME(.init_array.*))
 *(.init_array*)
 .init_array    0x000000000800825c        0x4 c:/st/stm32cubeide_1.9.0/stm32cubeide/plugins/com.st.stm32cube.ide.mcu.externaltools.gnu-tools-for-stm32.10.3-2021.10.win32_1.0.0.202111181127/tools/bin/../lib/gcc/arm-none-eabi/10.3.1/thumb/v7-m/nofp/crtbegin.o
                0x0000000008008260                PROVIDE (__init_array_end = .)
                0x0000000008008260                . = ALIGN (0x4)

.fini_array     0x0000000008008260        0x4
                0x0000000008008260                . = ALIGN (0x4)
                [!provide]                        PROVIDE (__fini_array_start = .)
 *(SORT_BY_NAME(.fini_array.*))
 *(.fini_array*)
 .fini_array    0x0000000008008260        0x4 c:/st/stm32cubeide_1.9.0/stm32cubeide/plugins/com.st.stm32cube.ide.mcu.externaltools.gnu-tools-for-stm32.10.3-2021.10.win32_1.0.0.202111181127/tools/bin/../lib/gcc/arm-none-eabi/10.3.1/thumb/v7-m/nofp/crtbegin.o
                [!provide]                        PROVIDE (__fini_array_end = .)
                0x0000000008008264                . = ALIGN (0x4)
                0x0000000008008264                _sidata = LOADADDR (.data)

.data           0x0000000020000000      0x138 load address 0x0000000008008264
                0x0000000020000000                . = ALIGN (0x4)
                0x0000000020000000                _sdata = .
 *(.data)
 *(.data*)
 .data.Sensor_Config
                0x0000000020000000       0x96 ./Core/Src/bsp_ov7725.o
                0x0000000020000000                Sensor_Config
 .data.OV7725_REG_NUM
                0x0000000020000096        0x1 ./Core/Src/bsp_ov7725.o
                0x0000000020000096                OV7725_REG_NUM
 *fill*         0x0000000020000097        0x1 
 .data.centroid_x
                0x0000000020000098        0x2 ./Core/Src/bsp_ov7725.o
                0x0000000020000098                centroid_x
 .data.centroid_y
                0x000000002000009a        0x2 ./Core/Src/bsp_ov7725.o
                0x000000002000009a                centroid_y
 .data.square_corners
                0x000000002000009c       0x20 ./Core/Src/main.o
                0x000000002000009c                square_corners
 .data.target_x
                0x00000000200000bc        0x4 ./Core/Src/main.o
                0x00000000200000bc                target_x
 .data.target_y
                0x00000000200000c0        0x4 ./Core/Src/main.o
                0x00000000200000c0                target_y
 .data.base_offset
                0x00000000200000c4        0x4 ./Core/Src/main.o
                0x00000000200000c4                base_offset
 .data.SystemCoreClock
                0x00000000200000c8        0x4 ./Core/Src/system_stm32f1xx.o
                0x00000000200000c8                SystemCoreClock
 .data.uwTickPrio
                0x00000000200000cc        0x4 ./Drivers/STM32F1xx_HAL_Driver/Src/stm32f1xx_hal.o
                0x00000000200000cc                uwTickPrio
 .data.uwTickFreq
                0x00000000200000d0        0x1 ./Drivers/STM32F1xx_HAL_Driver/Src/stm32f1xx_hal.o
                0x00000000200000d0                uwTickFreq
 *fill*         0x00000000200000d1        0x3 
 .data._impure_ptr
                0x00000000200000d4        0x4 c:/st/stm32cubeide_1.9.0/stm32cubeide/plugins/com.st.stm32cube.ide.mcu.externaltools.gnu-tools-for-stm32.10.3-2021.10.win32_1.0.0.202111181127/tools/bin/../lib/gcc/arm-none-eabi/10.3.1/../../../../arm-none-eabi/lib/thumb/v7-m/nofp\libc_nano.a(lib_a-impure.o)
                0x00000000200000d4                _impure_ptr
 .data.impure_data
                0x00000000200000d8       0x60 c:/st/stm32cubeide_1.9.0/stm32cubeide/plugins/com.st.stm32cube.ide.mcu.externaltools.gnu-tools-for-stm32.10.3-2021.10.win32_1.0.0.202111181127/tools/bin/../lib/gcc/arm-none-eabi/10.3.1/../../../../arm-none-eabi/lib/thumb/v7-m/nofp\libc_nano.a(lib_a-impure.o)
 *(.RamFunc)
 *(.RamFunc*)
                0x0000000020000138                . = ALIGN (0x4)
                0x0000000020000138                _edata = .

.igot.plt       0x0000000020000138        0x0 load address 0x000000000800839c
 .igot.plt      0x0000000020000138        0x0 c:/st/stm32cubeide_1.9.0/stm32cubeide/plugins/com.st.stm32cube.ide.mcu.externaltools.gnu-tools-for-stm32.10.3-2021.10.win32_1.0.0.202111181127/tools/bin/../lib/gcc/arm-none-eabi/10.3.1/thumb/v7-m/nofp/crtbegin.o
                0x0000000020000138                . = ALIGN (0x4)

.bss            0x0000000020000138      0x1a8 load address 0x000000000800839c
                0x0000000020000138                _sbss = .
                0x0000000020000138                __bss_start__ = _sbss
 *(.bss)
 .bss           0x0000000020000138       0x1c c:/st/stm32cubeide_1.9.0/stm32cubeide/plugins/com.st.stm32cube.ide.mcu.externaltools.gnu-tools-for-stm32.10.3-2021.10.win32_1.0.0.202111181127/tools/bin/../lib/gcc/arm-none-eabi/10.3.1/thumb/v7-m/nofp/crtbegin.o
 *(.bss*)
 .bss.orange_pixel_count
                0x0000000020000154        0x4 ./Core/Src/bsp_ov7725.o
                0x0000000020000154                orange_pixel_count
 .bss.htim3     0x0000000020000158       0x48 ./Core/Src/main.o
                0x0000000020000158                htim3
 .bss.htim4     0x00000000200001a0       0x48 ./Core/Src/main.o
                0x00000000200001a0                htim4
 .bss.hsram1    0x00000000200001e8       0x48 ./Core/Src/main.o
                0x00000000200001e8                hsram1
 .bss.Ov7725_vsync
                0x0000000020000230        0x1 ./Core/Src/main.o
                0x0000000020000230                Ov7725_vsync
 *fill*         0x0000000020000231        0x3 
 .bss.ball_pid  0x0000000020000234       0x38 ./Core/Src/main.o
                0x0000000020000234                ball_pid
 .bss.square_mode
                0x000000002000026c        0x1 ./Core/Src/main.o
                0x000000002000026c                square_mode
 .bss.circle_mode
                0x000000002000026d        0x1 ./Core/Src/main.o
                0x000000002000026d                circle_mode
 .bss.joystick_mode
                0x000000002000026e        0x1 ./Core/Src/main.o
                0x000000002000026e                joystick_mode
 .bss.current_side
                0x000000002000026f        0x1 ./Core/Src/main.o
                0x000000002000026f                current_side
 .bss.progress  0x0000000020000270        0x4 ./Core/Src/main.o
                0x0000000020000270                progress
 .bss.last_move_time
                0x0000000020000274        0x4 ./Core/Src/main.o
                0x0000000020000274                last_move_time
 .bss.corner_arrival_time
                0x0000000020000278        0x4 ./Core/Src/main.o
                0x0000000020000278                corner_arrival_time
 .bss.waiting_at_corner
                0x000000002000027c        0x1 ./Core/Src/main.o
                0x000000002000027c                waiting_at_corner
 *fill*         0x000000002000027d        0x3 
 .bss.circle_angle
                0x0000000020000280        0x4 ./Core/Src/main.o
                0x0000000020000280                circle_angle
 .bss.circle_phase
                0x0000000020000284        0x1 ./Core/Src/main.o
                0x0000000020000284                circle_phase
 *fill*         0x0000000020000285        0x3 
 .bss.circle_start_time
                0x0000000020000288        0x4 ./Core/Src/main.o
                0x0000000020000288                circle_start_time
 .bss.last_circle_time
                0x000000002000028c        0x4 ./Core/Src/main.o
                0x000000002000028c                last_circle_time
 .bss.stable_start_time
                0x0000000020000290        0x4 ./Core/Src/main.o
                0x0000000020000290                stable_start_time
 .bss.ball_is_stable
                0x0000000020000294        0x1 ./Core/Src/main.o
                0x0000000020000294                ball_is_stable
 .bss.circle_mode_request
                0x0000000020000295        0x1 ./Core/Src/main.o
                0x0000000020000295                circle_mode_request
 .bss.square_mode_request
                0x0000000020000296        0x1 ./Core/Src/main.o
                0x0000000020000296                square_mode_request
 .bss.offset_mode
                0x0000000020000297        0x1 ./Core/Src/main.o
                0x0000000020000297                offset_mode
 .bss.offset_x  0x0000000020000298        0x4 ./Core/Src/main.o
                0x0000000020000298                offset_x
 .bss.offset_y  0x000000002000029c        0x4 ./Core/Src/main.o
                0x000000002000029c                offset_y
 .bss.offset_magnitude
                0x00000000200002a0        0x4 ./Core/Src/main.o
                0x00000000200002a0                offset_magnitude
 .bss.offset_angle_deg
                0x00000000200002a4        0x4 ./Core/Src/main.o
                0x00000000200002a4                offset_angle_deg
 .bss.last_set_press.6
                0x00000000200002a8        0x4 ./Core/Src/main.o
 .bss.last_rst_press.5
                0x00000000200002ac        0x4 ./Core/Src/main.o
 .bss.last_joy_update.4
                0x00000000200002b0        0x4 ./Core/Src/main.o
 .bss.last_k1_time.3
                0x00000000200002b4        0x4 ./Core/Src/main.o
 .bss.prev_k1_state.2
                0x00000000200002b8        0x1 ./Core/Src/main.o
 *fill*         0x00000000200002b9        0x3 
 .bss.last_k2_time.1
                0x00000000200002bc        0x4 ./Core/Src/main.o
 .bss.prev_k2_state.0
                0x00000000200002c0        0x1 ./Core/Src/main.o
 *fill*         0x00000000200002c1        0x3 
 .bss.FSMC_Initialized
                0x00000000200002c4        0x4 ./Core/Src/stm32f1xx_hal_msp.o
 .bss.__sbrk_heap_end
                0x00000000200002c8        0x4 ./Core/Src/sysmem.o
 .bss.uwTick    0x00000000200002cc        0x4 ./Drivers/STM32F1xx_HAL_Driver/Src/stm32f1xx_hal.o
                0x00000000200002cc                uwTick
 .bss.__malloc_free_list
                0x00000000200002d0        0x4 c:/st/stm32cubeide_1.9.0/stm32cubeide/plugins/com.st.stm32cube.ide.mcu.externaltools.gnu-tools-for-stm32.10.3-2021.10.win32_1.0.0.202111181127/tools/bin/../lib/gcc/arm-none-eabi/10.3.1/../../../../arm-none-eabi/lib/thumb/v7-m/nofp\libc_nano.a(lib_a-nano-mallocr.o)
                0x00000000200002d0                __malloc_free_list
 .bss.__malloc_sbrk_start
                0x00000000200002d4        0x4 c:/st/stm32cubeide_1.9.0/stm32cubeide/plugins/com.st.stm32cube.ide.mcu.externaltools.gnu-tools-for-stm32.10.3-2021.10.win32_1.0.0.202111181127/tools/bin/../lib/gcc/arm-none-eabi/10.3.1/../../../../arm-none-eabi/lib/thumb/v7-m/nofp\libc_nano.a(lib_a-nano-mallocr.o)
                0x00000000200002d4                __malloc_sbrk_start
 .bss.errno     0x00000000200002d8        0x4 c:/st/stm32cubeide_1.9.0/stm32cubeide/plugins/com.st.stm32cube.ide.mcu.externaltools.gnu-tools-for-stm32.10.3-2021.10.win32_1.0.0.202111181127/tools/bin/../lib/gcc/arm-none-eabi/10.3.1/../../../../arm-none-eabi/lib/thumb/v7-m/nofp\libc_nano.a(lib_a-reent.o)
                0x00000000200002d8                errno
 .bss.__lock___malloc_recursive_mutex
                0x00000000200002dc        0x1 c:/st/stm32cubeide_1.9.0/stm32cubeide/plugins/com.st.stm32cube.ide.mcu.externaltools.gnu-tools-for-stm32.10.3-2021.10.win32_1.0.0.202111181127/tools/bin/../lib/gcc/arm-none-eabi/10.3.1/../../../../arm-none-eabi/lib/thumb/v7-m/nofp\libc_nano.a(lib_a-lock.o)
                0x00000000200002dc                __lock___malloc_recursive_mutex
 *(COMMON)
                0x00000000200002e0                . = ALIGN (0x4)
 *fill*         0x00000000200002dd        0x3 
                0x00000000200002e0                _ebss = .
                0x00000000200002e0                __bss_end__ = _ebss

._user_heap_stack
                0x00000000200002e0      0x600 load address 0x000000000800839c
                0x00000000200002e0                . = ALIGN (0x8)
                [!provide]                        PROVIDE (end = .)
                0x00000000200002e0                PROVIDE (_end = .)
                0x00000000200004e0                . = (. + _Min_Heap_Size)
 *fill*         0x00000000200002e0      0x200 
                0x00000000200008e0                . = (. + _Min_Stack_Size)
 *fill*         0x00000000200004e0      0x400 
                0x00000000200008e0                . = ALIGN (0x8)

/DISCARD/
 libc.a(*)
 libm.a(*)
 libgcc.a(*)

.ARM.attributes
                0x0000000000000000       0x29
 *(.ARM.attributes)
 .ARM.attributes
                0x0000000000000000       0x1d c:/st/stm32cubeide_1.9.0/stm32cubeide/plugins/com.st.stm32cube.ide.mcu.externaltools.gnu-tools-for-stm32.10.3-2021.10.win32_1.0.0.202111181127/tools/bin/../lib/gcc/arm-none-eabi/10.3.1/thumb/v7-m/nofp/crti.o
 .ARM.attributes
                0x000000000000001d       0x2d c:/st/stm32cubeide_1.9.0/stm32cubeide/plugins/com.st.stm32cube.ide.mcu.externaltools.gnu-tools-for-stm32.10.3-2021.10.win32_1.0.0.202111181127/tools/bin/../lib/gcc/arm-none-eabi/10.3.1/thumb/v7-m/nofp/crtbegin.o
 .ARM.attributes
                0x000000000000004a       0x2d ./Core/Src/bsp_ov7725.o
 .ARM.attributes
                0x0000000000000077       0x2d ./Core/Src/bsp_sccb.o
 .ARM.attributes
                0x00000000000000a4       0x2d ./Core/Src/lcd.o
 .ARM.attributes
                0x00000000000000d1       0x2d ./Core/Src/main.o
 .ARM.attributes
                0x00000000000000fe       0x2d ./Core/Src/pid.o
 .ARM.attributes
                0x000000000000012b       0x2d ./Core/Src/robot_controller.o
 .ARM.attributes
                0x0000000000000158       0x2d ./Core/Src/stm32f1xx_hal_msp.o
 .ARM.attributes
                0x0000000000000185       0x2d ./Core/Src/stm32f1xx_it.o
 .ARM.attributes
                0x00000000000001b2       0x2d ./Core/Src/sysmem.o
 .ARM.attributes
                0x00000000000001df       0x2d ./Core/Src/system_stm32f1xx.o
 .ARM.attributes
                0x000000000000020c       0x21 ./Core/Startup/startup_stm32f103vetx.o
 .ARM.attributes
                0x000000000000022d       0x2d ./Drivers/STM32F1xx_HAL_Driver/Src/stm32f1xx_hal.o
 .ARM.attributes
                0x000000000000025a       0x2d ./Drivers/STM32F1xx_HAL_Driver/Src/stm32f1xx_hal_cortex.o
 .ARM.attributes
                0x0000000000000287       0x2d ./Drivers/STM32F1xx_HAL_Driver/Src/stm32f1xx_hal_gpio.o
 .ARM.attributes
                0x00000000000002b4       0x2d ./Drivers/STM32F1xx_HAL_Driver/Src/stm32f1xx_hal_rcc.o
 .ARM.attributes
                0x00000000000002e1       0x2d ./Drivers/STM32F1xx_HAL_Driver/Src/stm32f1xx_hal_sram.o
 .ARM.attributes
                0x000000000000030e       0x2d ./Drivers/STM32F1xx_HAL_Driver/Src/stm32f1xx_hal_tim.o
 .ARM.attributes
                0x000000000000033b       0x2d ./Drivers/STM32F1xx_HAL_Driver/Src/stm32f1xx_hal_tim_ex.o
 .ARM.attributes
                0x0000000000000368       0x2d ./Drivers/STM32F1xx_HAL_Driver/Src/stm32f1xx_ll_fsmc.o
 .ARM.attributes
                0x0000000000000395       0x2d c:/st/stm32cubeide_1.9.0/stm32cubeide/plugins/com.st.stm32cube.ide.mcu.externaltools.gnu-tools-for-stm32.10.3-2021.10.win32_1.0.0.202111181127/tools/bin/../lib/gcc/arm-none-eabi/10.3.1/../../../../arm-none-eabi/lib/thumb/v7-m/nofp\libc_nano.a(lib_a-errno.o)
 .ARM.attributes
                0x00000000000003c2       0x2d c:/st/stm32cubeide_1.9.0/stm32cubeide/plugins/com.st.stm32cube.ide.mcu.externaltools.gnu-tools-for-stm32.10.3-2021.10.win32_1.0.0.202111181127/tools/bin/../lib/gcc/arm-none-eabi/10.3.1/../../../../arm-none-eabi/lib/thumb/v7-m/nofp\libc_nano.a(lib_a-impure.o)
 .ARM.attributes
                0x00000000000003ef       0x2d c:/st/stm32cubeide_1.9.0/stm32cubeide/plugins/com.st.stm32cube.ide.mcu.externaltools.gnu-tools-for-stm32.10.3-2021.10.win32_1.0.0.202111181127/tools/bin/../lib/gcc/arm-none-eabi/10.3.1/../../../../arm-none-eabi/lib/thumb/v7-m/nofp\libc_nano.a(lib_a-init.o)
 .ARM.attributes
                0x000000000000041c       0x2d c:/st/stm32cubeide_1.9.0/stm32cubeide/plugins/com.st.stm32cube.ide.mcu.externaltools.gnu-tools-for-stm32.10.3-2021.10.win32_1.0.0.202111181127/tools/bin/../lib/gcc/arm-none-eabi/10.3.1/../../../../arm-none-eabi/lib/thumb/v7-m/nofp\libc_nano.a(lib_a-memset.o)
 .ARM.attributes
                0x0000000000000449       0x2d c:/st/stm32cubeide_1.9.0/stm32cubeide/plugins/com.st.stm32cube.ide.mcu.externaltools.gnu-tools-for-stm32.10.3-2021.10.win32_1.0.0.202111181127/tools/bin/../lib/gcc/arm-none-eabi/10.3.1/../../../../arm-none-eabi/lib/thumb/v7-m/nofp\libc_nano.a(lib_a-sprintf.o)
 .ARM.attributes
                0x0000000000000476       0x2d c:/st/stm32cubeide_1.9.0/stm32cubeide/plugins/com.st.stm32cube.ide.mcu.externaltools.gnu-tools-for-stm32.10.3-2021.10.win32_1.0.0.202111181127/tools/bin/../lib/gcc/arm-none-eabi/10.3.1/../../../../arm-none-eabi/lib/thumb/v7-m/nofp\libc_nano.a(lib_a-nano-svfprintf.o)
 .ARM.attributes
                0x00000000000004a3       0x2d c:/st/stm32cubeide_1.9.0/stm32cubeide/plugins/com.st.stm32cube.ide.mcu.externaltools.gnu-tools-for-stm32.10.3-2021.10.win32_1.0.0.202111181127/tools/bin/../lib/gcc/arm-none-eabi/10.3.1/../../../../arm-none-eabi/lib/thumb/v7-m/nofp\libc_nano.a(lib_a-nano-vfprintf_i.o)
 .ARM.attributes
                0x00000000000004d0       0x2d c:/st/stm32cubeide_1.9.0/stm32cubeide/plugins/com.st.stm32cube.ide.mcu.externaltools.gnu-tools-for-stm32.10.3-2021.10.win32_1.0.0.202111181127/tools/bin/../lib/gcc/arm-none-eabi/10.3.1/../../../../arm-none-eabi/lib/thumb/v7-m/nofp\libc_nano.a(lib_a-memchr-stub.o)
 .ARM.attributes
                0x00000000000004fd       0x2d c:/st/stm32cubeide_1.9.0/stm32cubeide/plugins/com.st.stm32cube.ide.mcu.externaltools.gnu-tools-for-stm32.10.3-2021.10.win32_1.0.0.202111181127/tools/bin/../lib/gcc/arm-none-eabi/10.3.1/../../../../arm-none-eabi/lib/thumb/v7-m/nofp\libc_nano.a(lib_a-memcpy-stub.o)
 .ARM.attributes
                0x000000000000052a       0x2d c:/st/stm32cubeide_1.9.0/stm32cubeide/plugins/com.st.stm32cube.ide.mcu.externaltools.gnu-tools-for-stm32.10.3-2021.10.win32_1.0.0.202111181127/tools/bin/../lib/gcc/arm-none-eabi/10.3.1/../../../../arm-none-eabi/lib/thumb/v7-m/nofp\libc_nano.a(lib_a-memmove.o)
 .ARM.attributes
                0x0000000000000557       0x2d c:/st/stm32cubeide_1.9.0/stm32cubeide/plugins/com.st.stm32cube.ide.mcu.externaltools.gnu-tools-for-stm32.10.3-2021.10.win32_1.0.0.202111181127/tools/bin/../lib/gcc/arm-none-eabi/10.3.1/../../../../arm-none-eabi/lib/thumb/v7-m/nofp\libc_nano.a(lib_a-nano-freer.o)
 .ARM.attributes
                0x0000000000000584       0x2d c:/st/stm32cubeide_1.9.0/stm32cubeide/plugins/com.st.stm32cube.ide.mcu.externaltools.gnu-tools-for-stm32.10.3-2021.10.win32_1.0.0.202111181127/tools/bin/../lib/gcc/arm-none-eabi/10.3.1/../../../../arm-none-eabi/lib/thumb/v7-m/nofp\libc_nano.a(lib_a-nano-mallocr.o)
 .ARM.attributes
                0x00000000000005b1       0x2d c:/st/stm32cubeide_1.9.0/stm32cubeide/plugins/com.st.stm32cube.ide.mcu.externaltools.gnu-tools-for-stm32.10.3-2021.10.win32_1.0.0.202111181127/tools/bin/../lib/gcc/arm-none-eabi/10.3.1/../../../../arm-none-eabi/lib/thumb/v7-m/nofp\libc_nano.a(lib_a-nano-reallocr.o)
 .ARM.attributes
                0x00000000000005de       0x2d c:/st/stm32cubeide_1.9.0/stm32cubeide/plugins/com.st.stm32cube.ide.mcu.externaltools.gnu-tools-for-stm32.10.3-2021.10.win32_1.0.0.202111181127/tools/bin/../lib/gcc/arm-none-eabi/10.3.1/../../../../arm-none-eabi/lib/thumb/v7-m/nofp\libc_nano.a(lib_a-sbrkr.o)
 .ARM.attributes
                0x000000000000060b       0x2d c:/st/stm32cubeide_1.9.0/stm32cubeide/plugins/com.st.stm32cube.ide.mcu.externaltools.gnu-tools-for-stm32.10.3-2021.10.win32_1.0.0.202111181127/tools/bin/../lib/gcc/arm-none-eabi/10.3.1/../../../../arm-none-eabi/lib/thumb/v7-m/nofp\libc_nano.a(lib_a-mlock.o)
 .ARM.attributes
                0x0000000000000638       0x2d c:/st/stm32cubeide_1.9.0/stm32cubeide/plugins/com.st.stm32cube.ide.mcu.externaltools.gnu-tools-for-stm32.10.3-2021.10.win32_1.0.0.202111181127/tools/bin/../lib/gcc/arm-none-eabi/10.3.1/../../../../arm-none-eabi/lib/thumb/v7-m/nofp\libc_nano.a(lib_a-nano-msizer.o)
 .ARM.attributes
                0x0000000000000665       0x2d c:/st/stm32cubeide_1.9.0/stm32cubeide/plugins/com.st.stm32cube.ide.mcu.externaltools.gnu-tools-for-stm32.10.3-2021.10.win32_1.0.0.202111181127/tools/bin/../lib/gcc/arm-none-eabi/10.3.1/../../../../arm-none-eabi/lib/thumb/v7-m/nofp\libc_nano.a(lib_a-reent.o)
 .ARM.attributes
                0x0000000000000692       0x2d c:/st/stm32cubeide_1.9.0/stm32cubeide/plugins/com.st.stm32cube.ide.mcu.externaltools.gnu-tools-for-stm32.10.3-2021.10.win32_1.0.0.202111181127/tools/bin/../lib/gcc/arm-none-eabi/10.3.1/../../../../arm-none-eabi/lib/thumb/v7-m/nofp\libc_nano.a(lib_a-lock.o)
 .ARM.attributes
                0x00000000000006bf       0x2d c:/st/stm32cubeide_1.9.0/stm32cubeide/plugins/com.st.stm32cube.ide.mcu.externaltools.gnu-tools-for-stm32.10.3-2021.10.win32_1.0.0.202111181127/tools/bin/../lib/gcc/arm-none-eabi/10.3.1/../../../../arm-none-eabi/lib/thumb/v7-m/nofp\libm.a(lib_a-sf_cos.o)
 .ARM.attributes
                0x00000000000006ec       0x2d c:/st/stm32cubeide_1.9.0/stm32cubeide/plugins/com.st.stm32cube.ide.mcu.externaltools.gnu-tools-for-stm32.10.3-2021.10.win32_1.0.0.202111181127/tools/bin/../lib/gcc/arm-none-eabi/10.3.1/../../../../arm-none-eabi/lib/thumb/v7-m/nofp\libm.a(lib_a-sf_fmax.o)
 .ARM.attributes
                0x0000000000000719       0x2d c:/st/stm32cubeide_1.9.0/stm32cubeide/plugins/com.st.stm32cube.ide.mcu.externaltools.gnu-tools-for-stm32.10.3-2021.10.win32_1.0.0.202111181127/tools/bin/../lib/gcc/arm-none-eabi/10.3.1/../../../../arm-none-eabi/lib/thumb/v7-m/nofp\libm.a(lib_a-sf_fmin.o)
 .ARM.attributes
                0x0000000000000746       0x2d c:/st/stm32cubeide_1.9.0/stm32cubeide/plugins/com.st.stm32cube.ide.mcu.externaltools.gnu-tools-for-stm32.10.3-2021.10.win32_1.0.0.202111181127/tools/bin/../lib/gcc/arm-none-eabi/10.3.1/../../../../arm-none-eabi/lib/thumb/v7-m/nofp\libm.a(lib_a-sf_fpclassify.o)
 .ARM.attributes
                0x0000000000000773       0x2d c:/st/stm32cubeide_1.9.0/stm32cubeide/plugins/com.st.stm32cube.ide.mcu.externaltools.gnu-tools-for-stm32.10.3-2021.10.win32_1.0.0.202111181127/tools/bin/../lib/gcc/arm-none-eabi/10.3.1/../../../../arm-none-eabi/lib/thumb/v7-m/nofp\libm.a(lib_a-sf_sin.o)
 .ARM.attributes
                0x00000000000007a0       0x2d c:/st/stm32cubeide_1.9.0/stm32cubeide/plugins/com.st.stm32cube.ide.mcu.externaltools.gnu-tools-for-stm32.10.3-2021.10.win32_1.0.0.202111181127/tools/bin/../lib/gcc/arm-none-eabi/10.3.1/../../../../arm-none-eabi/lib/thumb/v7-m/nofp\libm.a(lib_a-sf_tanh.o)
 .ARM.attributes
                0x00000000000007cd       0x2d c:/st/stm32cubeide_1.9.0/stm32cubeide/plugins/com.st.stm32cube.ide.mcu.externaltools.gnu-tools-for-stm32.10.3-2021.10.win32_1.0.0.202111181127/tools/bin/../lib/gcc/arm-none-eabi/10.3.1/../../../../arm-none-eabi/lib/thumb/v7-m/nofp\libm.a(lib_a-wf_atan2.o)
 .ARM.attributes
                0x00000000000007fa       0x2d c:/st/stm32cubeide_1.9.0/stm32cubeide/plugins/com.st.stm32cube.ide.mcu.externaltools.gnu-tools-for-stm32.10.3-2021.10.win32_1.0.0.202111181127/tools/bin/../lib/gcc/arm-none-eabi/10.3.1/../../../../arm-none-eabi/lib/thumb/v7-m/nofp\libm.a(lib_a-wf_sqrt.o)
 .ARM.attributes
                0x0000000000000827       0x2d c:/st/stm32cubeide_1.9.0/stm32cubeide/plugins/com.st.stm32cube.ide.mcu.externaltools.gnu-tools-for-stm32.10.3-2021.10.win32_1.0.0.202111181127/tools/bin/../lib/gcc/arm-none-eabi/10.3.1/../../../../arm-none-eabi/lib/thumb/v7-m/nofp\libm.a(lib_a-ef_atan2.o)
 .ARM.attributes
                0x0000000000000854       0x2d c:/st/stm32cubeide_1.9.0/stm32cubeide/plugins/com.st.stm32cube.ide.mcu.externaltools.gnu-tools-for-stm32.10.3-2021.10.win32_1.0.0.202111181127/tools/bin/../lib/gcc/arm-none-eabi/10.3.1/../../../../arm-none-eabi/lib/thumb/v7-m/nofp\libm.a(lib_a-ef_rem_pio2.o)
 .ARM.attributes
                0x0000000000000881       0x2d c:/st/stm32cubeide_1.9.0/stm32cubeide/plugins/com.st.stm32cube.ide.mcu.externaltools.gnu-tools-for-stm32.10.3-2021.10.win32_1.0.0.202111181127/tools/bin/../lib/gcc/arm-none-eabi/10.3.1/../../../../arm-none-eabi/lib/thumb/v7-m/nofp\libm.a(lib_a-ef_sqrt.o)
 .ARM.attributes
                0x00000000000008ae       0x2d c:/st/stm32cubeide_1.9.0/stm32cubeide/plugins/com.st.stm32cube.ide.mcu.externaltools.gnu-tools-for-stm32.10.3-2021.10.win32_1.0.0.202111181127/tools/bin/../lib/gcc/arm-none-eabi/10.3.1/../../../../arm-none-eabi/lib/thumb/v7-m/nofp\libm.a(lib_a-kf_cos.o)
 .ARM.attributes
                0x00000000000008db       0x2d c:/st/stm32cubeide_1.9.0/stm32cubeide/plugins/com.st.stm32cube.ide.mcu.externaltools.gnu-tools-for-stm32.10.3-2021.10.win32_1.0.0.202111181127/tools/bin/../lib/gcc/arm-none-eabi/10.3.1/../../../../arm-none-eabi/lib/thumb/v7-m/nofp\libm.a(lib_a-kf_rem_pio2.o)
 .ARM.attributes
                0x0000000000000908       0x2d c:/st/stm32cubeide_1.9.0/stm32cubeide/plugins/com.st.stm32cube.ide.mcu.externaltools.gnu-tools-for-stm32.10.3-2021.10.win32_1.0.0.202111181127/tools/bin/../lib/gcc/arm-none-eabi/10.3.1/../../../../arm-none-eabi/lib/thumb/v7-m/nofp\libm.a(lib_a-kf_sin.o)
 .ARM.attributes
                0x0000000000000935       0x2d c:/st/stm32cubeide_1.9.0/stm32cubeide/plugins/com.st.stm32cube.ide.mcu.externaltools.gnu-tools-for-stm32.10.3-2021.10.win32_1.0.0.202111181127/tools/bin/../lib/gcc/arm-none-eabi/10.3.1/../../../../arm-none-eabi/lib/thumb/v7-m/nofp\libm.a(lib_a-sf_atan.o)
 .ARM.attributes
                0x0000000000000962       0x2d c:/st/stm32cubeide_1.9.0/stm32cubeide/plugins/com.st.stm32cube.ide.mcu.externaltools.gnu-tools-for-stm32.10.3-2021.10.win32_1.0.0.202111181127/tools/bin/../lib/gcc/arm-none-eabi/10.3.1/../../../../arm-none-eabi/lib/thumb/v7-m/nofp\libm.a(lib_a-sf_expm1.o)
 .ARM.attributes
                0x000000000000098f       0x2d c:/st/stm32cubeide_1.9.0/stm32cubeide/plugins/com.st.stm32cube.ide.mcu.externaltools.gnu-tools-for-stm32.10.3-2021.10.win32_1.0.0.202111181127/tools/bin/../lib/gcc/arm-none-eabi/10.3.1/../../../../arm-none-eabi/lib/thumb/v7-m/nofp\libm.a(lib_a-sf_fabs.o)
 .ARM.attributes
                0x00000000000009bc       0x2d c:/st/stm32cubeide_1.9.0/stm32cubeide/plugins/com.st.stm32cube.ide.mcu.externaltools.gnu-tools-for-stm32.10.3-2021.10.win32_1.0.0.202111181127/tools/bin/../lib/gcc/arm-none-eabi/10.3.1/../../../../arm-none-eabi/lib/thumb/v7-m/nofp\libm.a(lib_a-sf_floor.o)
 .ARM.attributes
                0x00000000000009e9       0x2d c:/st/stm32cubeide_1.9.0/stm32cubeide/plugins/com.st.stm32cube.ide.mcu.externaltools.gnu-tools-for-stm32.10.3-2021.10.win32_1.0.0.202111181127/tools/bin/../lib/gcc/arm-none-eabi/10.3.1/../../../../arm-none-eabi/lib/thumb/v7-m/nofp\libm.a(lib_a-sf_scalbn.o)
 .ARM.attributes
                0x0000000000000a16       0x2d c:/st/stm32cubeide_1.9.0/stm32cubeide/plugins/com.st.stm32cube.ide.mcu.externaltools.gnu-tools-for-stm32.10.3-2021.10.win32_1.0.0.202111181127/tools/bin/../lib/gcc/arm-none-eabi/10.3.1/../../../../arm-none-eabi/lib/thumb/v7-m/nofp\libm.a(lib_a-math_errf.o)
 .ARM.attributes
                0x0000000000000a43       0x1d c:/st/stm32cubeide_1.9.0/stm32cubeide/plugins/com.st.stm32cube.ide.mcu.externaltools.gnu-tools-for-stm32.10.3-2021.10.win32_1.0.0.202111181127/tools/bin/../lib/gcc/arm-none-eabi/10.3.1/thumb/v7-m/nofp\libgcc.a(_arm_addsubdf3.o)
 .ARM.attributes
                0x0000000000000a60       0x1d c:/st/stm32cubeide_1.9.0/stm32cubeide/plugins/com.st.stm32cube.ide.mcu.externaltools.gnu-tools-for-stm32.10.3-2021.10.win32_1.0.0.202111181127/tools/bin/../lib/gcc/arm-none-eabi/10.3.1/thumb/v7-m/nofp\libgcc.a(_arm_muldivdf3.o)
 .ARM.attributes
                0x0000000000000a7d       0x1d c:/st/stm32cubeide_1.9.0/stm32cubeide/plugins/com.st.stm32cube.ide.mcu.externaltools.gnu-tools-for-stm32.10.3-2021.10.win32_1.0.0.202111181127/tools/bin/../lib/gcc/arm-none-eabi/10.3.1/thumb/v7-m/nofp\libgcc.a(_arm_truncdfsf2.o)
 .ARM.attributes
                0x0000000000000a9a       0x1d c:/st/stm32cubeide_1.9.0/stm32cubeide/plugins/com.st.stm32cube.ide.mcu.externaltools.gnu-tools-for-stm32.10.3-2021.10.win32_1.0.0.202111181127/tools/bin/../lib/gcc/arm-none-eabi/10.3.1/thumb/v7-m/nofp\libgcc.a(_arm_addsubsf3.o)
 .ARM.attributes
                0x0000000000000ab7       0x1d c:/st/stm32cubeide_1.9.0/stm32cubeide/plugins/com.st.stm32cube.ide.mcu.externaltools.gnu-tools-for-stm32.10.3-2021.10.win32_1.0.0.202111181127/tools/bin/../lib/gcc/arm-none-eabi/10.3.1/thumb/v7-m/nofp\libgcc.a(_arm_muldivsf3.o)
 .ARM.attributes
                0x0000000000000ad4       0x1d c:/st/stm32cubeide_1.9.0/stm32cubeide/plugins/com.st.stm32cube.ide.mcu.externaltools.gnu-tools-for-stm32.10.3-2021.10.win32_1.0.0.202111181127/tools/bin/../lib/gcc/arm-none-eabi/10.3.1/thumb/v7-m/nofp\libgcc.a(_arm_cmpsf2.o)
 .ARM.attributes
                0x0000000000000af1       0x1d c:/st/stm32cubeide_1.9.0/stm32cubeide/plugins/com.st.stm32cube.ide.mcu.externaltools.gnu-tools-for-stm32.10.3-2021.10.win32_1.0.0.202111181127/tools/bin/../lib/gcc/arm-none-eabi/10.3.1/thumb/v7-m/nofp\libgcc.a(_arm_unordsf2.o)
 .ARM.attributes
                0x0000000000000b0e       0x1d c:/st/stm32cubeide_1.9.0/stm32cubeide/plugins/com.st.stm32cube.ide.mcu.externaltools.gnu-tools-for-stm32.10.3-2021.10.win32_1.0.0.202111181127/tools/bin/../lib/gcc/arm-none-eabi/10.3.1/thumb/v7-m/nofp\libgcc.a(_arm_fixsfsi.o)
 .ARM.attributes
                0x0000000000000b2b       0x1d c:/st/stm32cubeide_1.9.0/stm32cubeide/plugins/com.st.stm32cube.ide.mcu.externaltools.gnu-tools-for-stm32.10.3-2021.10.win32_1.0.0.202111181127/tools/bin/../lib/gcc/arm-none-eabi/10.3.1/thumb/v7-m/nofp\libgcc.a(_arm_fixunssfsi.o)
 .ARM.attributes
                0x0000000000000b48       0x1d c:/st/stm32cubeide_1.9.0/stm32cubeide/plugins/com.st.stm32cube.ide.mcu.externaltools.gnu-tools-for-stm32.10.3-2021.10.win32_1.0.0.202111181127/tools/bin/../lib/gcc/arm-none-eabi/10.3.1/thumb/v7-m/nofp/crtn.o
OUTPUT(Camera CubeMX v1.elf elf32-littlearm)
LOAD linker stubs
LOAD c:/st/stm32cubeide_1.9.0/stm32cubeide/plugins/com.st.stm32cube.ide.mcu.externaltools.gnu-tools-for-stm32.10.3-2021.10.win32_1.0.0.202111181127/tools/bin/../lib/gcc/arm-none-eabi/10.3.1/../../../../arm-none-eabi/lib/thumb/v7-m/nofp\libc.a
LOAD c:/st/stm32cubeide_1.9.0/stm32cubeide/plugins/com.st.stm32cube.ide.mcu.externaltools.gnu-tools-for-stm32.10.3-2021.10.win32_1.0.0.202111181127/tools/bin/../lib/gcc/arm-none-eabi/10.3.1/../../../../arm-none-eabi/lib/thumb/v7-m/nofp\libm.a
LOAD c:/st/stm32cubeide_1.9.0/stm32cubeide/plugins/com.st.stm32cube.ide.mcu.externaltools.gnu-tools-for-stm32.10.3-2021.10.win32_1.0.0.202111181127/tools/bin/../lib/gcc/arm-none-eabi/10.3.1/thumb/v7-m/nofp\libgcc.a

.debug_info     0x0000000000000000     0xc44c
 .debug_info    0x0000000000000000      0x46f ./Core/Src/bsp_ov7725.o
 .debug_info    0x000000000000046f      0x314 ./Core/Src/bsp_sccb.o
 .debug_info    0x0000000000000783      0x69f ./Core/Src/lcd.o
 .debug_info    0x0000000000000e22     0x19f9 ./Core/Src/main.o
 .debug_info    0x000000000000281b      0x47c ./Core/Src/pid.o
 .debug_info    0x0000000000002c97      0x7f0 ./Core/Src/robot_controller.o
 .debug_info    0x0000000000003487      0xc6a ./Core/Src/stm32f1xx_hal_msp.o
 .debug_info    0x00000000000040f1      0x2f5 ./Core/Src/stm32f1xx_it.o
 .debug_info    0x00000000000043e6      0x171 ./Core/Src/sysmem.o
 .debug_info    0x0000000000004557      0x3fc ./Core/Src/system_stm32f1xx.o
 .debug_info    0x0000000000004953       0x22 ./Core/Startup/startup_stm32f103vetx.o
 .debug_info    0x0000000000004975      0x79a ./Drivers/STM32F1xx_HAL_Driver/Src/stm32f1xx_hal.o
 .debug_info    0x000000000000510f      0xb86 ./Drivers/STM32F1xx_HAL_Driver/Src/stm32f1xx_hal_cortex.o
 .debug_info    0x0000000000005c95      0x615 ./Drivers/STM32F1xx_HAL_Driver/Src/stm32f1xx_hal_gpio.o
 .debug_info    0x00000000000062aa      0x865 ./Drivers/STM32F1xx_HAL_Driver/Src/stm32f1xx_hal_rcc.o
 .debug_info    0x0000000000006b0f      0xd7f ./Drivers/STM32F1xx_HAL_Driver/Src/stm32f1xx_hal_sram.o
 .debug_info    0x000000000000788e     0x2bcb ./Drivers/STM32F1xx_HAL_Driver/Src/stm32f1xx_hal_tim.o
 .debug_info    0x000000000000a459     0x15c7 ./Drivers/STM32F1xx_HAL_Driver/Src/stm32f1xx_hal_tim_ex.o
 .debug_info    0x000000000000ba20      0xa2c ./Drivers/STM32F1xx_HAL_Driver/Src/stm32f1xx_ll_fsmc.o

.debug_abbrev   0x0000000000000000     0x2303
 .debug_abbrev  0x0000000000000000      0x1f3 ./Core/Src/bsp_ov7725.o
 .debug_abbrev  0x00000000000001f3      0x197 ./Core/Src/bsp_sccb.o
 .debug_abbrev  0x000000000000038a      0x232 ./Core/Src/lcd.o
 .debug_abbrev  0x00000000000005bc      0x2e7 ./Core/Src/main.o
 .debug_abbrev  0x00000000000008a3      0x16b ./Core/Src/pid.o
 .debug_abbrev  0x0000000000000a0e      0x1e7 ./Core/Src/robot_controller.o
 .debug_abbrev  0x0000000000000bf5      0x233 ./Core/Src/stm32f1xx_hal_msp.o
 .debug_abbrev  0x0000000000000e28      0x138 ./Core/Src/stm32f1xx_it.o
 .debug_abbrev  0x0000000000000f60       0xbb ./Core/Src/sysmem.o
 .debug_abbrev  0x000000000000101b      0x13b ./Core/Src/system_stm32f1xx.o
 .debug_abbrev  0x0000000000001156       0x12 ./Core/Startup/startup_stm32f103vetx.o
 .debug_abbrev  0x0000000000001168      0x1fb ./Drivers/STM32F1xx_HAL_Driver/Src/stm32f1xx_hal.o
 .debug_abbrev  0x0000000000001363      0x2ed ./Drivers/STM32F1xx_HAL_Driver/Src/stm32f1xx_hal_cortex.o
 .debug_abbrev  0x0000000000001650      0x1bb ./Drivers/STM32F1xx_HAL_Driver/Src/stm32f1xx_hal_gpio.o
 .debug_abbrev  0x000000000000180b      0x2a8 ./Drivers/STM32F1xx_HAL_Driver/Src/stm32f1xx_hal_rcc.o
 .debug_abbrev  0x0000000000001ab3      0x1e3 ./Drivers/STM32F1xx_HAL_Driver/Src/stm32f1xx_hal_sram.o
 .debug_abbrev  0x0000000000001c96      0x264 ./Drivers/STM32F1xx_HAL_Driver/Src/stm32f1xx_hal_tim.o
 .debug_abbrev  0x0000000000001efa      0x26c ./Drivers/STM32F1xx_HAL_Driver/Src/stm32f1xx_hal_tim_ex.o
 .debug_abbrev  0x0000000000002166      0x19d ./Drivers/STM32F1xx_HAL_Driver/Src/stm32f1xx_ll_fsmc.o

.debug_aranges  0x0000000000000000      0xc78
 .debug_aranges
                0x0000000000000000       0x30 ./Core/Src/bsp_ov7725.o
 .debug_aranges
                0x0000000000000030       0x68 ./Core/Src/bsp_sccb.o
 .debug_aranges
                0x0000000000000098       0xa8 ./Core/Src/lcd.o
 .debug_aranges
                0x0000000000000140       0x50 ./Core/Src/main.o
 .debug_aranges
                0x0000000000000190       0x28 ./Core/Src/pid.o
 .debug_aranges
                0x00000000000001b8       0x20 ./Core/Src/robot_controller.o
 .debug_aranges
                0x00000000000001d8       0x58 ./Core/Src/stm32f1xx_hal_msp.o
 .debug_aranges
                0x0000000000000230       0x78 ./Core/Src/stm32f1xx_it.o
 .debug_aranges
                0x00000000000002a8       0x20 ./Core/Src/sysmem.o
 .debug_aranges
                0x00000000000002c8       0x28 ./Core/Src/system_stm32f1xx.o
 .debug_aranges
                0x00000000000002f0       0x28 ./Core/Startup/startup_stm32f103vetx.o
 .debug_aranges
                0x0000000000000318       0xe0 ./Drivers/STM32F1xx_HAL_Driver/Src/stm32f1xx_hal.o
 .debug_aranges
                0x00000000000003f8      0x100 ./Drivers/STM32F1xx_HAL_Driver/Src/stm32f1xx_hal_cortex.o
 .debug_aranges
                0x00000000000004f8       0x58 ./Drivers/STM32F1xx_HAL_Driver/Src/stm32f1xx_hal_gpio.o
 .debug_aranges
                0x0000000000000550       0x90 ./Drivers/STM32F1xx_HAL_Driver/Src/stm32f1xx_hal_rcc.o
 .debug_aranges
                0x00000000000005e0       0xb8 ./Drivers/STM32F1xx_HAL_Driver/Src/stm32f1xx_hal_sram.o
 .debug_aranges
                0x0000000000000698      0x3d0 ./Drivers/STM32F1xx_HAL_Driver/Src/stm32f1xx_hal_tim.o
 .debug_aranges
                0x0000000000000a68      0x168 ./Drivers/STM32F1xx_HAL_Driver/Src/stm32f1xx_hal_tim_ex.o
 .debug_aranges
                0x0000000000000bd0       0xa8 ./Drivers/STM32F1xx_HAL_Driver/Src/stm32f1xx_ll_fsmc.o

.debug_ranges   0x0000000000000000      0xb68
 .debug_ranges  0x0000000000000000       0x20 ./Core/Src/bsp_ov7725.o
 .debug_ranges  0x0000000000000020       0x58 ./Core/Src/bsp_sccb.o
 .debug_ranges  0x0000000000000078       0x98 ./Core/Src/lcd.o
 .debug_ranges  0x0000000000000110       0x58 ./Core/Src/main.o
 .debug_ranges  0x0000000000000168       0x18 ./Core/Src/pid.o
 .debug_ranges  0x0000000000000180       0x10 ./Core/Src/robot_controller.o
 .debug_ranges  0x0000000000000190       0x48 ./Core/Src/stm32f1xx_hal_msp.o
 .debug_ranges  0x00000000000001d8       0x68 ./Core/Src/stm32f1xx_it.o
 .debug_ranges  0x0000000000000240       0x10 ./Core/Src/sysmem.o
 .debug_ranges  0x0000000000000250       0x18 ./Core/Src/system_stm32f1xx.o
 .debug_ranges  0x0000000000000268       0x20 ./Core/Startup/startup_stm32f103vetx.o
 .debug_ranges  0x0000000000000288       0xd0 ./Drivers/STM32F1xx_HAL_Driver/Src/stm32f1xx_hal.o
 .debug_ranges  0x0000000000000358       0xf0 ./Drivers/STM32F1xx_HAL_Driver/Src/stm32f1xx_hal_cortex.o
 .debug_ranges  0x0000000000000448       0x48 ./Drivers/STM32F1xx_HAL_Driver/Src/stm32f1xx_hal_gpio.o
 .debug_ranges  0x0000000000000490       0x80 ./Drivers/STM32F1xx_HAL_Driver/Src/stm32f1xx_hal_rcc.o
 .debug_ranges  0x0000000000000510       0xa8 ./Drivers/STM32F1xx_HAL_Driver/Src/stm32f1xx_hal_sram.o
 .debug_ranges  0x00000000000005b8      0x3c0 ./Drivers/STM32F1xx_HAL_Driver/Src/stm32f1xx_hal_tim.o
 .debug_ranges  0x0000000000000978      0x158 ./Drivers/STM32F1xx_HAL_Driver/Src/stm32f1xx_hal_tim_ex.o
 .debug_ranges  0x0000000000000ad0       0x98 ./Drivers/STM32F1xx_HAL_Driver/Src/stm32f1xx_ll_fsmc.o

.debug_macro    0x0000000000000000    0x1b494
 .debug_macro   0x0000000000000000      0x33f ./Core/Src/bsp_ov7725.o
 .debug_macro   0x000000000000033f      0xa6c ./Core/Src/bsp_ov7725.o
 .debug_macro   0x0000000000000dab      0x21b ./Core/Src/bsp_ov7725.o
 .debug_macro   0x0000000000000fc6       0x2e ./Core/Src/bsp_ov7725.o
 .debug_macro   0x0000000000000ff4       0x22 ./Core/Src/bsp_ov7725.o
 .debug_macro   0x0000000000001016       0x22 ./Core/Src/bsp_ov7725.o
 .debug_macro   0x0000000000001038       0x8e ./Core/Src/bsp_ov7725.o
 .debug_macro   0x00000000000010c6       0x51 ./Core/Src/bsp_ov7725.o
 .debug_macro   0x0000000000001117      0x103 ./Core/Src/bsp_ov7725.o
 .debug_macro   0x000000000000121a       0x6a ./Core/Src/bsp_ov7725.o
 .debug_macro   0x0000000000001284      0x1df ./Core/Src/bsp_ov7725.o
 .debug_macro   0x0000000000001463       0x1c ./Core/Src/bsp_ov7725.o
 .debug_macro   0x000000000000147f       0x22 ./Core/Src/bsp_ov7725.o