../Core/Src/stm32f1xx_hal_msp.c:66:6:HAL_MspInit	24	static
../Core/Src/stm32f1xx_hal_msp.c:92:6:HAL_TIM_PWM_MspInit	24	static
../Core/Src/stm32f1xx_hal_msp.c:119:6:HAL_TIM_MspPostInit	48	static
../Core/Src/stm32f1xx_hal_msp.c:170:6:HAL_TIM_PWM_MspDeInit	16	static
../Core/Src/stm32f1xx_hal_msp.c:199:13:HAL_FSMC_MspInit	32	static
../Core/Src/stm32f1xx_hal_msp.c:253:6:HAL_SRAM_MspInit	16	static
../Core/Src/stm32f1xx_hal_msp.c:265:13:HAL_FSMC_MspDeInit	8	static
../Core/Src/stm32f1xx_hal_msp.c:311:6:HAL_SRAM_MspDeInit	16	static
