../Core/Src/stm32f1xx_it.c:90:6:NMI_Handler	4	static
../Core/Src/stm32f1xx_it.c:103:6:HardFault_Handler	4	static
../Core/Src/stm32f1xx_it.c:118:6:MemManage_Handler	4	static
../Core/Src/stm32f1xx_it.c:133:6:BusFault_Handler	4	static
../Core/Src/stm32f1xx_it.c:148:6:UsageFault_Handler	4	static
../Core/Src/stm32f1xx_it.c:163:6:SVC_Handler	4	static
../Core/Src/stm32f1xx_it.c:176:6:DebugMon_Handler	4	static
../Core/Src/stm32f1xx_it.c:189:6:PendSV_Handler	4	static
../Core/Src/stm32f1xx_it.c:202:6:SysTick_Handler	8	static
../Core/Src/stm32f1xx_it.c:223:6:EXTI0_IRQHandler	8	static
../Core/Src/stm32f1xx_it.c:242:6:EXTI3_IRQHandler	8	static
../Core/Src/stm32f1xx_it.c:277:6:EXTI15_10_IRQHandler	8	static
